Archive member included to satisfy reference by file (symbol)

C:/QMK_MSYS/opt/qmk/bin/../lib/gcc/arm-none-eabi/15.2.0/thumb/v6-m/nofp\libgcc.a(_dvmd_tls.o)
                              .build/obj_simhub_default/./lib/pico-sdk/src/rp2_common/pico_divider/divider.o (__aeabi_idiv0)
C:/QMK_MSYS/opt/qmk/bin/../lib/gcc/arm-none-eabi/15.2.0/../../../../arm-none-eabi/lib/thumb/v6-m/nofp\libc_nano.a(libc_a-rand.o)
                              .build/obj_simhub_default/quantum/send_string/send_string.o (symbol from plugin) (rand)
C:/QMK_MSYS/opt/qmk/bin/../lib/gcc/arm-none-eabi/15.2.0/../../../../arm-none-eabi/lib/thumb/v6-m/nofp\libc_nano.a(libc_a-ctype_.o)
                              .build/obj_simhub_default/quantum/send_string/send_string.o (symbol from plugin) (_ctype_)
C:/QMK_MSYS/opt/qmk/bin/../lib/gcc/arm-none-eabi/15.2.0/../../../../arm-none-eabi/lib/thumb/v6-m/nofp\libc_nano.a(libc_a-impure.o)
                              C:/QMK_MSYS/opt/qmk/bin/../lib/gcc/arm-none-eabi/15.2.0/../../../../arm-none-eabi/lib/thumb/v6-m/nofp\libc_nano.a(libc_a-rand.o) (_impure_ptr)
C:/QMK_MSYS/opt/qmk/bin/../lib/gcc/arm-none-eabi/15.2.0/../../../../arm-none-eabi/lib/thumb/v6-m/nofp\libc_nano.a(libc_a-errno.o)
                              .build/obj_simhub_default/platforms/chibios/syscall-fallbacks.o (symbol from plugin) (__errno)
C:/QMK_MSYS/opt/qmk/bin/../lib/gcc/arm-none-eabi/15.2.0/../../../../arm-none-eabi/lib/thumb/v6-m/nofp\libc_nano.a(libc_a-assert.o)
                              C:/QMK_MSYS/opt/qmk/bin/../lib/gcc/arm-none-eabi/15.2.0/../../../../arm-none-eabi/lib/thumb/v6-m/nofp\libc_nano.a(libc_a-rand.o) (__assert_func)
C:/QMK_MSYS/opt/qmk/bin/../lib/gcc/arm-none-eabi/15.2.0/../../../../arm-none-eabi/lib/thumb/v6-m/nofp\libc_nano.a(libc_a-malloc.o)
                              C:/QMK_MSYS/opt/qmk/bin/../lib/gcc/arm-none-eabi/15.2.0/../../../../arm-none-eabi/lib/thumb/v6-m/nofp\libc_nano.a(libc_a-rand.o) (malloc)
C:/QMK_MSYS/opt/qmk/bin/../lib/gcc/arm-none-eabi/15.2.0/../../../../arm-none-eabi/lib/thumb/v6-m/nofp\libc_nano.a(libc_a-mallocr.o)
                              C:/QMK_MSYS/opt/qmk/bin/../lib/gcc/arm-none-eabi/15.2.0/../../../../arm-none-eabi/lib/thumb/v6-m/nofp\libc_nano.a(libc_a-malloc.o) (_malloc_r)
C:/QMK_MSYS/opt/qmk/bin/../lib/gcc/arm-none-eabi/15.2.0/../../../../arm-none-eabi/lib/thumb/v6-m/nofp\libc_nano.a(libc_a-mlock.o)
                              C:/QMK_MSYS/opt/qmk/bin/../lib/gcc/arm-none-eabi/15.2.0/../../../../arm-none-eabi/lib/thumb/v6-m/nofp\libc_nano.a(libc_a-mallocr.o) (__malloc_lock)
C:/QMK_MSYS/opt/qmk/bin/../lib/gcc/arm-none-eabi/15.2.0/../../../../arm-none-eabi/lib/thumb/v6-m/nofp\libc_nano.a(libc_a-fprintf.o)
                              C:/QMK_MSYS/opt/qmk/bin/../lib/gcc/arm-none-eabi/15.2.0/../../../../arm-none-eabi/lib/thumb/v6-m/nofp\libc_nano.a(libc_a-assert.o) (fiprintf)
C:/QMK_MSYS/opt/qmk/bin/../lib/gcc/arm-none-eabi/15.2.0/../../../../arm-none-eabi/lib/thumb/v6-m/nofp\libc_nano.a(libc_a-abort.o)
                              C:/QMK_MSYS/opt/qmk/bin/../lib/gcc/arm-none-eabi/15.2.0/../../../../arm-none-eabi/lib/thumb/v6-m/nofp\libc_nano.a(libc_a-assert.o) (abort)
C:/QMK_MSYS/opt/qmk/bin/../lib/gcc/arm-none-eabi/15.2.0/../../../../arm-none-eabi/lib/thumb/v6-m/nofp\libc_nano.a(libc_a-freer.o)
                              C:/QMK_MSYS/opt/qmk/bin/../lib/gcc/arm-none-eabi/15.2.0/../../../../arm-none-eabi/lib/thumb/v6-m/nofp\libc_nano.a(libc_a-malloc.o) (_free_r)
C:/QMK_MSYS/opt/qmk/bin/../lib/gcc/arm-none-eabi/15.2.0/../../../../arm-none-eabi/lib/thumb/v6-m/nofp\libc_nano.a(libc_a-nano-vfprintf.o)
                              C:/QMK_MSYS/opt/qmk/bin/../lib/gcc/arm-none-eabi/15.2.0/../../../../arm-none-eabi/lib/thumb/v6-m/nofp\libc_nano.a(libc_a-fprintf.o) (_vfprintf_r)
C:/QMK_MSYS/opt/qmk/bin/../lib/gcc/arm-none-eabi/15.2.0/../../../../arm-none-eabi/lib/thumb/v6-m/nofp\libc_nano.a(libc_a-nano-vfprintf_i.o)
                              C:/QMK_MSYS/opt/qmk/bin/../lib/gcc/arm-none-eabi/15.2.0/../../../../arm-none-eabi/lib/thumb/v6-m/nofp\libc_nano.a(libc_a-nano-vfprintf.o) (_printf_i)
C:/QMK_MSYS/opt/qmk/bin/../lib/gcc/arm-none-eabi/15.2.0/../../../../arm-none-eabi/lib/thumb/v6-m/nofp\libc_nano.a(libc_a-findfp.o)
                              C:/QMK_MSYS/opt/qmk/bin/../lib/gcc/arm-none-eabi/15.2.0/../../../../arm-none-eabi/lib/thumb/v6-m/nofp\libc_nano.a(libc_a-nano-vfprintf.o) (__sinit)
C:/QMK_MSYS/opt/qmk/bin/../lib/gcc/arm-none-eabi/15.2.0/../../../../arm-none-eabi/lib/thumb/v6-m/nofp\libc_nano.a(libc_a-fvwrite.o)
                              C:/QMK_MSYS/opt/qmk/bin/../lib/gcc/arm-none-eabi/15.2.0/../../../../arm-none-eabi/lib/thumb/v6-m/nofp\libc_nano.a(libc_a-nano-vfprintf.o) (__sfvwrite_r)
C:/QMK_MSYS/opt/qmk/bin/../lib/gcc/arm-none-eabi/15.2.0/../../../../arm-none-eabi/lib/thumb/v6-m/nofp\libc_nano.a(libc_a-fwalk.o)
[...]
Memory Configuration

Name             Origin             Length             Attributes
flash0           0x00000000         0x00004000         xr
flash1           0x10000000         0x00200000         xr
flash2           0x00000000         0x00000000         xr
flash3           0x00000000         0x00000000         xr
flash4           0x00000000         0x00000000         xr
flash5           0x00000000         0x00000000         xr
flash6           0x00000000         0x00000000         xr
flash7           0x00000000         0x00000000         xr
ram0             0x20000000         0x00040000         xw
ram1             0x00000000         0x00040000         xw
ram2             0x00000000         0x00000000         xw
ram3             0x00000000         0x00000000         xw
ram4             0x20040000         0x00001000         xw
ram5             0x20041000         0x00001000         xw
ram6             0x00000000         0x00000000         xw
ram7             0x20041f00         0x00000100         xw
*default*        0x00000000         0xffffffff

Linker script and memory map

LOAD .build/obj_simhub_default/.build/obj_simhub_default/src/default_keyboard.o
LOAD C:\QMK_MSYS\tmp\ccXEYISn.ltrans0.ltrans.o
LOAD .build/obj_simhub_default/quantum/keymap_introspection.o
LOAD .build/obj_simhub_default/quantum/quantum.o
LOAD .build/obj_simhub_default/quantum/bitwise.o
LOAD .build/obj_simhub_default/quantum/led.o
LOAD .build/obj_simhub_default/quantum/action.o
LOAD .build/obj_simhub_default/quantum/action_layer.o
LOAD .build/obj_simhub_default/quantum/action_tapping.o
LOAD .build/obj_simhub_default/quantum/action_util.o
LOAD .build/obj_simhub_default/quantum/eeconfig.o
LOAD .build/obj_simhub_default/quantum/keyboard.o
LOAD .build/obj_simhub_default/quantum/keymap_common.o
LOAD .build/obj_simhub_default/quantum/keycode_config.o
LOAD .build/obj_simhub_default/quantum/sync_timer.o
LOAD .build/obj_simhub_default/quantum/logging/debug.o
LOAD .build/obj_simhub_default/quantum/logging/sendchar.o
LOAD .build/obj_simhub_default/quantum/process_keycode/process_default_layer.o
LOAD .build/obj_simhub_default/quantum/process_keycode/process_oneshot.o
LOAD .build/obj_simhub_default/quantum/process_keycode/process_quantum.o
LOAD .build/obj_simhub_default/nvm_eeconfig.o
LOAD .build/obj_simhub_default/quantum/logging/print.o
LOAD .build/obj_simhub_default/quantum/matrix_common.o
LOAD .build/obj_simhub_default/quantum/matrix.o
LOAD .build/obj_simhub_default/quantum/debounce/sym_defer_g.o
LOAD .build/obj_simhub_default/quantum/main.o
LOAD .build/obj_simhub_default/printf.o
LOAD .build/obj_simhub_default/eeprom_driver.o
LOAD .build/obj_simhub_default/eeprom_wear_leveling.o
LOAD .build/obj_simhub_default/wear_leveling.o
LOAD .build/obj_simhub_default/wear_leveling_rp2040_flash.o
LOAD .build/obj_simhub_default/qmk_fnv_type_validation.o
LOAD .build/obj_simhub_default/hash_32a.o
LOAD .build/obj_simhub_default/hash_64a.o
LOAD .build/obj_simhub_default/quantum/encoder.o
LOAD .build/obj_simhub_default/encoder_quadrature.o
LOAD .build/obj_simhub_default/quantum/bootmagic/bootmagic.o
LOAD .build/obj_simhub_default/quantum/process_keycode/process_grave_esc.o
LOAD .build/obj_simhub_default/quantum/process_keycode/process_magic.o
LOAD .build/obj_simhub_default/quantum/mousekey.o
LOAD .build/obj_simhub_default/quantum/send_string/send_string.o
LOAD .build/obj_simhub_default/quantum/process_keycode/process_space_cadet.o
LOAD .build/obj_simhub_default/protocol/host.o
LOAD .build/obj_simhub_default/protocol/report.o
LOAD .build/obj_simhub_default/protocol/usb_device_state.o
LOAD .build/obj_simhub_default/protocol/usb_util.o
LOAD .build/obj_simhub_default/platforms/suspend.o
LOAD .build/obj_simhub_default/platforms/synchronization_util.o
LOAD .build/obj_simhub_default/platforms/timer.o
LOAD .build/obj_simhub_default/platforms/chibios/hardware_id.o
LOAD .build/obj_simhub_default/platforms/chibios/platform.o
LOAD .build/obj_simhub_default/platforms/chibios/suspend.o
LOAD .build/obj_simhub_default/platforms/chibios/timer.o
LOAD .build/obj_simhub_default/platforms/chibios/bootloaders/rp2040.o
LOAD .build/obj_simhub_default/./lib/chibios/os/common/startup/ARMCMx/compilers/GCC/crt0_v6m.o
LOAD .build/obj_simhub_default/./lib/chibios/os/common/startup/ARMCMx/compilers/GCC/vectors.o
LOAD .build/obj_simhub_default/./lib/chibios/os/common/ports/ARMv6-M-RP2/compilers/GCC/chcoreasm.o
LOAD .build/obj_simhub_default/protocol/chibios/usb_main.o
LOAD .build/obj_simhub_default/protocol/chibios/chibios.o
LOAD .build/obj_simhub_default/usb_descriptor.o
LOAD .build/obj_simhub_default/protocol/chibios/usb_driver.o
LOAD .build/obj_simhub_default/protocol/chibios/usb_endpoints.o
LOAD .build/obj_simhub_default/protocol/chibios/usb_report_handling.o
LOAD .build/obj_simhub_default/protocol/chibios/usb_util.o
LOAD .build/obj_simhub_default/lib/chibios/os/common/startup/ARMCMx/compilers/GCC/crt1.o
LOAD .build/obj_simhub_default/lib/chibios/os/rt/src/chsys.o
LOAD .build/obj_simhub_default/lib/chibios/os/rt/src/chrfcu.o
LOAD .build/obj_simhub_default/lib/chibios/os/rt/src/chdebug.o
LOAD .build/obj_simhub_default/lib/chibios/os/rt/src/chtrace.o
LOAD .build/obj_simhub_default/lib/chibios/os/rt/src/chvt.o
LOAD .build/obj_simhub_default/lib/chibios/os/rt/src/chschd.o
LOAD .build/obj_simhub_default/lib/chibios/os/rt/src/chinstances.o
LOAD .build/obj_simhub_default/lib/chibios/os/rt/src/chthreads.o
LOAD .build/obj_simhub_default/lib/chibios/os/rt/src/chtm.o
LOAD .build/obj_simhub_default/lib/chibios/os/rt/src/chstats.o
LOAD .build/obj_simhub_default/lib/chibios/os/rt/src/chregistry.o
LOAD .build/obj_simhub_default/lib/chibios/os/rt/src/chsem.o
LOAD .build/obj_simhub_default/lib/chibios/os/rt/src/chmtx.o
LOAD .build/obj_simhub_default/lib/chibios/os/rt/src/chcond.o
LOAD .build/obj_simhub_default/lib/chibios/os/rt/src/chevents.o
LOAD .build/obj_simhub_default/lib/chibios/os/rt/src/chmsg.o
LOAD .build/obj_simhub_default/lib/chibios/os/rt/src/chdynamic.o
LOAD .build/obj_simhub_default/lib/chibios/os/common/ports/ARMv6-M-RP2/chcore.o
LOAD .build/obj_simhub_default/lib/chibios/os/hal/osal/rt-nil/osal.o
LOAD .build/obj_simhub_default/lib/chibios/os/oslib/src/chmboxes.o
LOAD .build/obj_simhub_default/lib/chibios/os/oslib/src/chmemcore.o
LOAD .build/obj_simhub_default/lib/chibios/os/oslib/src/chmemheaps.o
LOAD .build/obj_simhub_default/lib/chibios/os/oslib/src/chmempools.o
LOAD .build/obj_simhub_default/lib/chibios/os/oslib/src/chpipes.o
LOAD .build/obj_simhub_default/lib/chibios/os/oslib/src/chobjcaches.o
LOAD .build/obj_simhub_default/lib/chibios/os/oslib/src/chdelegates.o
LOAD .build/obj_simhub_default/lib/chibios/os/oslib/src/chfactory.o
LOAD .build/obj_simhub_default/lib/chibios/os/hal/src/hal.o
LOAD .build/obj_simhub_default/lib/chibios/os/hal/src/hal_safety.o
LOAD .build/obj_simhub_default/lib/chibios/os/hal/src/hal_st.o
LOAD .build/obj_simhub_default/lib/chibios/os/hal/src/hal_buffers.o
LOAD .build/obj_simhub_default/lib/chibios/os/hal/src/hal_queues.o
LOAD .build/obj_simhub_default/lib/chibios/os/hal/src/hal_mmcsd.o
LOAD .build/obj_simhub_default/lib/chibios/os/hal/src/hal_adc.o
LOAD .build/obj_simhub_default/lib/chibios/os/hal/src/hal_can.o
LOAD .build/obj_simhub_default/lib/chibios/os/hal/src/hal_crypto.o
LOAD .build/obj_simhub_default/lib/chibios/os/hal/src/hal_dac.o
LOAD .build/obj_simhub_default/lib/chibios/os/hal/src/hal_efl.o
LOAD .build/obj_simhub_default/lib/chibios/os/hal/src/hal_gpt.o
LOAD .build/obj_simhub_default/lib/chibios/os/hal/src/hal_i2c.o
LOAD .build/obj_simhub_default/lib/chibios/os/hal/src/hal_i2s.o
LOAD .build/obj_simhub_default/lib/chibios/os/hal/src/hal_icu.o
LOAD .build/obj_simhub_default/lib/chibios/os/hal/src/hal_mac.o
LOAD .build/obj_simhub_default/lib/chibios/os/hal/src/hal_mmc_spi.o
LOAD .build/obj_simhub_default/lib/chibios/os/hal/src/hal_pal.o
LOAD .build/obj_simhub_default/lib/chibios/os/hal/src/hal_pwm.o
LOAD .build/obj_simhub_default/lib/chibios/os/hal/src/hal_rtc.o
LOAD .build/obj_simhub_default/lib/chibios/os/hal/src/hal_sdc.o
LOAD .build/obj_simhub_default/lib/chibios/os/hal/src/hal_serial.o
LOAD .build/obj_simhub_default/lib/chibios/os/hal/src/hal_serial_usb.o
LOAD .build/obj_simhub_default/lib/chibios/os/hal/src/hal_sio.o
LOAD .build/obj_simhub_default/lib/chibios/os/hal/src/hal_spi.o
LOAD .build/obj_simhub_default/lib/chibios/os/hal/src/hal_trng.o
LOAD .build/obj_simhub_default/lib/chibios/os/hal/src/hal_uart.o
LOAD .build/obj_simhub_default/lib/chibios/os/hal/src/hal_usb.o
LOAD .build/obj_simhub_default/lib/chibios/os/hal/src/hal_wdg.o
LOAD .build/obj_simhub_default/lib/chibios/os/hal/src/hal_wspi.o
LOAD .build/obj_simhub_default/lib/chibios/os/hal/src/hal_flash.o
LOAD .build/obj_simhub_default/lib/chibios/os/hal/ports/common/ARMCMx/nvic.o
LOAD .build/obj_simhub_default/lib/chibios/os/hal/ports/RP/RP2040/rp_isr.o
LOAD .build/obj_simhub_default/lib/chibios/os/hal/ports/RP/RP2040/hal_lld.o
LOAD .build/obj_simhub_default/lib/chibios/os/hal/ports/RP/LLD/DMAv1/rp_dma.o
LOAD .build/obj_simhub_default/lib/chibios/os/hal/ports/RP/LLD/GPIOv1/hal_pal_lld.o
LOAD .build/obj_simhub_default/lib/chibios/os/hal/ports/RP/LLD/SPIv1/hal_spi_lld.o
LOAD .build/obj_simhub_default/lib/chibios/os/hal/ports/RP/LLD/TIMERv1/hal_st_lld.o
LOAD .build/obj_simhub_default/lib/chibios/os/hal/ports/RP/LLD/UARTv1/hal_sio_lld.o
LOAD .build/obj_simhub_default/lib/chibios/os/hal/ports/RP/LLD/RTCv1/hal_rtc_lld.o
LOAD .build/obj_simhub_default/lib/chibios/os/hal/ports/RP/LLD/WDGv1/hal_wdg_lld.o
LOAD .build/obj_simhub_default/lib/chibios-contrib/os/hal/ports/RP/LLD/I2Cv1/hal_i2c_lld.o
LOAD .build/obj_simhub_default/lib/chibios-contrib/os/hal/ports/RP/LLD/PWMv1/hal_pwm_lld.o
LOAD .build/obj_simhub_default/lib/chibios-contrib/os/hal/ports/RP/LLD/ADCv1/hal_adc_lld.o
LOAD .build/obj_simhub_default/lib/chibios-contrib/os/hal/ports/RP/LLD/USBDv1/hal_usb_lld.o
LOAD .build/obj_simhub_default/lib/chibios/os/hal/boards/RP_PICO_RP2040/board.o
LOAD .build/obj_simhub_default/lib/chibios/os/hal/lib/streams/chprintf.o
LOAD .build/obj_simhub_default/lib/chibios/os/hal/lib/streams/chscanf.o
LOAD .build/obj_simhub_default/lib/chibios/os/hal/lib/streams/memstreams.o
LOAD .build/obj_simhub_default/lib/chibios/os/hal/lib/streams/nullstreams.o
LOAD .build/obj_simhub_default/lib/chibios/os/hal/lib/streams/bufstreams.o
LOAD .build/obj_simhub_default/lib/chibios/os/various/newlib_bindings/syscalls.o
LOAD .build/obj_simhub_default/platforms/chibios/syscall-fallbacks.o
LOAD .build/obj_simhub_default/platforms/chibios/wait.o
LOAD .build/obj_simhub_default/platforms/chibios/synchronization_util.o
LOAD .build/obj_simhub_default/platforms/chibios/interrupt_handlers.o
LOAD .build/obj_simhub_default/./lib/pico-sdk/src/rp2_common/hardware_clocks/clocks.o
LOAD .build/obj_simhub_default/./lib/pico-sdk/src/rp2_common/hardware_pll/pll.o
LOAD .build/obj_simhub_default/./lib/pico-sdk/src/rp2_common/hardware_pio/pio.o
LOAD .build/obj_simhub_default/./lib/pico-sdk/src/rp2_common/hardware_timer/timer.o
LOAD .build/obj_simhub_default/./lib/pico-sdk/src/rp2_common/hardware_flash/flash.o
LOAD .build/obj_simhub_default/./lib/pico-sdk/src/rp2_common/hardware_gpio/gpio.o
LOAD .build/obj_simhub_default/./lib/pico-sdk/src/rp2_common/hardware_claim/claim.o
LOAD .build/obj_simhub_default/./lib/pico-sdk/src/rp2_common/hardware_watchdog/watchdog.o
LOAD .build/obj_simhub_default/./lib/pico-sdk/src/rp2_common/hardware_xosc/xosc.o
LOAD .build/obj_simhub_default/./lib/pico-sdk/src/rp2_common/pico_bootrom/bootrom.o
LOAD .build/obj_simhub_default/platforms/chibios/vendors/RP/stage2_bootloaders.o
LOAD .build/obj_simhub_default/platforms/chibios/vendors/RP/pico_sdk_shims.o
LOAD .build/obj_simhub_default/./lib/pico-sdk/src/rp2_common/pico_divider/divider.o
LOAD .build/obj_simhub_default/./lib/pico-sdk/src/rp2_common/pico_int64_ops/pico_int64_ops_aeabi.o
                0x00000800                        __process_stack_size__ = 0x800
                0x00000400                        __main_stack_size__ = 0x400
LOAD C:/QMK_MSYS/opt/qmk/bin/../lib/gcc/arm-none-eabi/15.2.0/../../../../arm-none-eabi/lib/thumb/v6-m/nofp\libm_nano.a
START GROUP
LOAD C:/QMK_MSYS/opt/qmk/bin/../lib/gcc/arm-none-eabi/15.2.0/thumb/v6-m/nofp\libgcc.a
LOAD C:/QMK_MSYS/opt/qmk/bin/../lib/gcc/arm-none-eabi/15.2.0/../../../../arm-none-eabi/lib/thumb/v6-m/nofp\libc_nano.a
END GROUP
START GROUP
LOAD C:/QMK_MSYS/opt/qmk/bin/../lib/gcc/arm-none-eabi/15.2.0/thumb/v6-m/nofp\libgcc.a
LOAD C:/QMK_MSYS/opt/qmk/bin/../lib/gcc/arm-none-eabi/15.2.0/../../../../arm-none-eabi/lib/thumb/v6-m/nofp\libc_nano.a
END GROUP

.flash_begin    0x10000000        0x0
                0x10000000                        __flash_binary_start = .

.boot2          0x10000000      0x100
                0x10000000                        __boot2_start__ = .
 *(.boot2)
 .boot2         0x10000000      0x100 C:\QMK_MSYS\tmp\ccXEYISn.ltrans0.ltrans.o
                0x10000000                BOOT2_ROM
                0x10000100                        __boot2_end__ = .

.mstack         0x20040000      0x400
                0x20040000                        . = ALIGN (0x8)
                0x20040000                        __main_stack_base__ = .
                0x20040400                        . = (. + __main_stack_size__)
 *fill*         0x20040000      0x400 
                0x20040400                        . = ALIGN (0x8)
                0x20040400                        __main_stack_end__ = .

.pstack         0x20040400      0x800
                0x20040400                        . = ALIGN (0x8)
                0x20040400                        __process_stack_base__ = .
                0x20040400                        __main_thread_stack_base__ = .
                0x20040c00                        . = (. + __process_stack_size__)
 *fill*         0x20040400      0x800 
                0x20040c00                        . = ALIGN (0x8)
                0x20040c00                        __process_stack_end__ = .
                0x20040c00                        __main_thread_stack_end__ = .
                0x00000400                        __c1_main_stack_size__ = __main_stack_size__
                0x00000800                        __c1_process_stack_size__ = __process_stack_size__

.c1_mstack      0x20041000      0x400
                0x20041000                        . = ALIGN (0x8)
                0x20041000                        __c1_main_stack_base__ = .
                0x20041400                        . = (. + __c1_main_stack_size__)
 *fill*         0x20041000      0x400 
                0x20041400                        . = ALIGN (0x8)
                0x20041400                        __c1_main_stack_end__ = .

.c1_pstack      0x20041400      0x800
                0x20041400                        . = ALIGN (0x8)
                0x20041400                        __c1_process_stack_base__ = .
                0x20041400                        __c1_main_thread_stack_base__ = .
                0x20041c00                        . = (. + __c1_process_stack_size__)
 *fill*         0x20041400      0x800 
                0x20041c00                        . = ALIGN (0x8)
                0x20041c00                        __c1_process_stack_end__ = .
                0x20041c00                        __c1_main_thread_stack_end__ = .

.vectors        0x10000100       0xc0
                0x10000100                        __textvectors_base__ = LOADADDR (.vectors)
                0x10000100                        __vectors_base__ = .
 *(.vectors)
 .vectors       0x10000100       0xc0 .build/obj_simhub_default/./lib/chibios/os/common/startup/ARMCMx/compilers/GCC/vectors.o
                0x10000100                _vectors
                0x100001c0                        __vectors_end__ = .

.xtors          0x100001c0        0x0
                0x100001c0                        __init_array_base__ = .
 *(SORT_BY_NAME(.init_array.*))
 *(.init_array)
                0x100001c0                        __init_array_end__ = .
                0x100001c0                        __fini_array_base__ = .
 *(.fini_array)
 *(SORT_BY_NAME(.fini_array.*))
                0x100001c0                        __fini_array_end__ = .

.text           0x100001c0     0x4eb0
                0x100001c0                        __text_base__ = .
 *(.text)
 .text          0x100001c0      0x104 .build/obj_simhub_default/./lib/chibios/os/common/startup/ARMCMx/compilers/GCC/crt0_v6m.o
                0x100001c0                _crt0_entry
 .text          0x100002c4        0x8 .build/obj_simhub_default/./lib/chibios/os/common/startup/ARMCMx/compilers/GCC/vectors.o
                0x100002c4                Reset_Handler
                0x100002c6                Vector9C
                0x100002c6                VectorAC
                0x100002c6                DebugMon_Handler
                0x100002c6                Vector5C
                0x100002c6                HardFault_Handler
                0x100002c6                Vector8C
                0x100002c6                SysTick_Handler
                0x100002c6                PendSV_Handler
                0x100002c6                Vector94
                0x100002c6                VectorA8
                0x100002c6                VectorB4
                0x100002c6                Vector74
                0x100002c6                UsageFault_Handler
                0x100002c6                VectorBC
                0x100002c6                Vector64
                0x100002c6                Vector58
                0x100002c6                Vector98
                0x100002c6                Vector24
                0x100002c6                Vector84
                0x100002c6                SecureFault_Handler
                0x100002c6                MemManage_Handler
                0x100002c6                Vector6C
                0x100002c6                VectorA0
                0x100002c6                SVC_Handler
                0x100002c6                VectorB0
                0x100002c6                Vector90
                0x100002c6                Vector60
                0x100002c6                Vector70
                0x100002c6                Vector68
                0x100002c6                Vector78
                0x100002c6                VectorA4
                0x100002c6                Vector88
                0x100002c6                BusFault_Handler
                0x100002c6                Vector50
                0x100002c6                Vector28
                0x100002c6                VectorB8
                0x100002c6                Vector34
                0x100002c6                Vector20
                0x100002ca                _unhandled_exception
 .text          0x100002cc       0x48 .build/obj_simhub_default/./lib/chibios/os/common/ports/ARMv6-M-RP2/compilers/GCC/chcoreasm.o
                0x100002cc                __port_switch
                0x100002ec                __port_thread_start
                0x100002fe                __port_switch_from_isr
                0x10000302                __port_exit_from_isr
 .text          0x10000314        0x4 C:/QMK_MSYS/opt/qmk/bin/../lib/gcc/arm-none-eabi/15.2.0/thumb/v6-m/nofp\libgcc.a(_dvmd_tls.o)
                0x10000314                __aeabi_idiv0
                0x10000314                __aeabi_ldiv0
 .text          0x10000318       0x14 C:/QMK_MSYS/opt/qmk/bin/../lib/gcc/arm-none-eabi/15.2.0/thumb/v6-m/nofp\libgcc.a(_thumb1_case_sqi.o)
                0x10000318                __gnu_thumb1_case_sqi
 .text          0x1000032c       0x14 C:/QMK_MSYS/opt/qmk/bin/../lib/gcc/arm-none-eabi/15.2.0/thumb/v6-m/nofp\libgcc.a(_thumb1_case_uqi.o)
                0x1000032c                __gnu_thumb1_case_uqi
 .text          0x10000340       0x14 C:/QMK_MSYS/opt/qmk/bin/../lib/gcc/arm-none-eabi/15.2.0/thumb/v6-m/nofp\libgcc.a(_thumb1_case_uhi.o)
                0x10000340                __gnu_thumb1_case_uhi
 *(.text.*)
 .text.layer_on
                0x10000354       0x14 C:\QMK_MSYS\tmp\ccXEYISn.ltrans0.ltrans.o
 .text.layer_off
                0x10000368       0x14 C:\QMK_MSYS\tmp\ccXEYISn.ltrans0.ltrans.o
 .text.update_source_layers_cache
                0x1000037c       0x50 C:\QMK_MSYS\tmp\ccXEYISn.ltrans0.ltrans.o
 .text.read_source_layers_cache
                0x100003cc       0x48 C:\QMK_MSYS\tmp\ccXEYISn.ltrans0.ltrans.o
 .text.waiting_buffer_typed.isra.0
                0x10000414       0x48 C:\QMK_MSYS\tmp\ccXEYISn.ltrans0.ltrans.o
 .text.debug_waiting_buffer
                0x1000045c       0x20 C:\QMK_MSYS\tmp\ccXEYISn.ltrans0.ltrans.o
 .text.clear_oneshot_layer_state
                0x1000047c       0x38 C:\QMK_MSYS\tmp\ccXEYISn.ltrans0.ltrans.o
 .text.get_mods_for_report
                0x100004b4       0x6c C:\QMK_MSYS\tmp\ccXEYISn.ltrans0.ltrans.o
 .text.del_mods
                0x10000520       0x10 C:\QMK_MSYS\tmp\ccXEYISn.ltrans0.ltrans.o
 .text.keymap_key_to_keycode
                0x10000530       0x38 C:\QMK_MSYS\tmp\ccXEYISn.ltrans0.ltrans.o
 .text.keycode_config
                0x10000568      0x124 C:\QMK_MSYS\tmp\ccXEYISn.ltrans0.ltrans.o
 .text.mod_config
                0x1000068c       0x9c C:\QMK_MSYS\tmp\ccXEYISn.ltrans0.ltrans.o
 .text.action_for_keycode
                0x10000728      0x1bc C:\QMK_MSYS\tmp\ccXEYISn.ltrans0.ltrans.o
 .text.layer_switch_get_layer
                0x100008e4       0x54 C:\QMK_MSYS\tmp\ccXEYISn.ltrans0.ltrans.o
 .text.get_record_keycode
                0x10000938       0x34 C:\QMK_MSYS\tmp\ccXEYISn.ltrans0.ltrans.o
 .text.layer_switch_get_action
                0x1000096c       0x20 C:\QMK_MSYS\tmp\ccXEYISn.ltrans0.ltrans.o
 .text.is_tap_record
                0x1000098c       0x5c C:\QMK_MSYS\tmp\ccXEYISn.ltrans0.ltrans.o
 .text.sendchar
                0x100009e8        0x4 C:\QMK_MSYS\tmp\ccXEYISn.ltrans0.ltrans.o
 .text.null_sendchar_func
                0x100009ec        0x4 C:\QMK_MSYS\tmp\ccXEYISn.ltrans0.ltrans.o
 .text.port_lock.lto_priv.0
                0x100009f0       0x16 C:\QMK_MSYS\tmp\ccXEYISn.ltrans0.ltrans.o
 .text.port_unlock.lto_priv.0
                0x10000a06       0x12 C:\QMK_MSYS\tmp\ccXEYISn.ltrans0.ltrans.o
 .text.gpio_atomic_set_pin_input_high
                0x10000a18       0x34 C:\QMK_MSYS\tmp\ccXEYISn.ltrans0.ltrans.o
 .text.__idle_thread
                0x10000a4c        0x4 C:\QMK_MSYS\tmp\ccXEYISn.ltrans0.ltrans.o
 .text.wear_leveling_unlock
                0x10000a50       0x1c C:\QMK_MSYS\tmp\ccXEYISn.ltrans0.ltrans.o
 .text.wear_leveling_lock
                0x10000a6c       0x1c C:\QMK_MSYS\tmp\ccXEYISn.ltrans0.ltrans.o
 .text.backing_store_read_bulk
                0x10000a88       0x20 C:\QMK_MSYS\tmp\ccXEYISn.ltrans0.ltrans.o
 .text.times_inv_sqrt2
                0x10000aa8       0x1e C:\QMK_MSYS\tmp\ccXEYISn.ltrans0.ltrans.o
 *fill*         0x10000ac6        0x2 
 .text.move_unit
                0x10000ac8       0x3c C:\QMK_MSYS\tmp\ccXEYISn.ltrans0.ltrans.o
 .text.wheel_unit
                0x10000b04       0x50 C:\QMK_MSYS\tmp\ccXEYISn.ltrans0.ltrans.o
 .text.mousekey_on
                0x10000b54       0xa8 C:\QMK_MSYS\tmp\ccXEYISn.ltrans0.ltrans.o
 .text.mousekey_off
                0x10000bfc       0xe8 C:\QMK_MSYS\tmp\ccXEYISn.ltrans0.ltrans.o
 .text.host_keyboard_leds
                0x10000ce4       0x18 C:\QMK_MSYS\tmp\ccXEYISn.ltrans0.ltrans.o
 .text.host_system_send
                0x10000cfc       0x34 C:\QMK_MSYS\tmp\ccXEYISn.ltrans0.ltrans.o
 .text.host_consumer_send
                0x10000d30       0x34 C:\QMK_MSYS\tmp\ccXEYISn.ltrans0.ltrans.o
 .text.add_key_to_report
                0x10000d64       0x6c C:\QMK_MSYS\tmp\ccXEYISn.ltrans0.ltrans.o
 .text.del_key_from_report
                0x10000dd0       0x54 C:\QMK_MSYS\tmp\ccXEYISn.ltrans0.ltrans.o
 .text.usb_device_state_get_leds
                0x10000e24        0xc C:\QMK_MSYS\tmp\ccXEYISn.ltrans0.ltrans.o
 .text.reset_usb_boot.constprop.0
                0x10000e30       0x18 C:\QMK_MSYS\tmp\ccXEYISn.ltrans0.ltrans.o
 .text.usb_event_queue_enqueue.isra.0
                0x10000e48       0x28 C:\QMK_MSYS\tmp\ccXEYISn.ltrans0.ltrans.o
 .text.set_led_transfer_cb
                0x10000e70       0x30 C:\QMK_MSYS\tmp\ccXEYISn.ltrans0.ltrans.o
 .text.usb_requests_hook_cb
                0x10000ea0      0x1d8 C:\QMK_MSYS\tmp\ccXEYISn.ltrans0.ltrans.o
 .text.usb_endpoint_in_is_inactive
                0x10001078       0x34 C:\QMK_MSYS\tmp\ccXEYISn.ltrans0.ltrans.o
 .text.usb_set_idle_rate
                0x100010ac       0x1c C:\QMK_MSYS\tmp\ccXEYISn.ltrans0.ltrans.o
 .text.usb_get_idle_rate
                0x100010c8        0xe C:\QMK_MSYS\tmp\ccXEYISn.ltrans0.ltrans.o
 *fill*         0x100010d6        0x2 
 .text.usb_idle_timer_elapsed
                0x100010d8       0x58 C:\QMK_MSYS\tmp\ccXEYISn.ltrans0.ltrans.o
 .text.usb_shared_set_idle_rate
                0x10001130       0x24 C:\QMK_MSYS\tmp\ccXEYISn.ltrans0.ltrans.o
 .text.usb_shared_get_idle_rate
                0x10001154       0x18 C:\QMK_MSYS\tmp\ccXEYISn.ltrans0.ltrans.o
 .text.usb_shared_idle_timer_elapsed
                0x1000116c       0x5c C:\QMK_MSYS\tmp\ccXEYISn.ltrans0.ltrans.o
 .text.chSysPolledDelayX
                0x100011c8       0x14 C:\QMK_MSYS\tmp\ccXEYISn.ltrans0.ltrans.o
 .text.__port_irq_epilogue
                0x100011dc       0x4c C:\QMK_MSYS\tmp\ccXEYISn.ltrans0.ltrans.o
 .text.obqPostFullBufferS
                0x10001228       0x2a C:\QMK_MSYS\tmp\ccXEYISn.ltrans0.ltrans.o
 *fill*         0x10001252        0x2 
 .text.set_address
                0x10001254       0x30 C:\QMK_MSYS\tmp\ccXEYISn.ltrans0.ltrans.o
 .text.setup_error
                0x10001284       0x60 C:\QMK_MSYS\tmp\ccXEYISn.ltrans0.ltrans.o
 .text._usb_wakeup.constprop.0
                0x100012e4       0x24 C:\QMK_MSYS\tmp\ccXEYISn.ltrans0.ltrans.o
 .text.hal_lld_peripheral_unreset.lto_priv.0
                0x10001308       0x14 C:\QMK_MSYS\tmp\ccXEYISn.ltrans0.ltrans.o
 .text.usb_isochronous_buffer_size
                0x1000131c       0x44 C:\QMK_MSYS\tmp\ccXEYISn.ltrans0.ltrans.o
 .text.usb_prepare_out_ep
                0x10001360       0x8c C:\QMK_MSYS\tmp\ccXEYISn.ltrans0.ltrans.o
 .text.usbStartReceiveI.constprop.0
                0x100013ec       0x34 C:\QMK_MSYS\tmp\ccXEYISn.ltrans0.ltrans.o
 .text.clock_configure.constprop.0.isra.0
                0x10001420       0xcc C:\QMK_MSYS\tmp\ccXEYISn.ltrans0.ltrans.o
 .text.clocks_init
                0x100014ec      0x198 C:\QMK_MSYS\tmp\ccXEYISn.ltrans0.ltrans.o
 .text.backing_store_erase
                0x10001684       0x20 C:\QMK_MSYS\tmp\ccXEYISn.ltrans0.ltrans.o
 .text.usb_get_descriptor_cb
                0x100016a4      0x168 C:\QMK_MSYS\tmp\ccXEYISn.ltrans0.ltrans.o
 .text.usb_lld_reset.constprop.0
                0x1000180c       0x74 C:\QMK_MSYS\tmp\ccXEYISn.ltrans0.ltrans.o
 .text.send_keyboard_report
                0x10001880       0x98 C:\QMK_MSYS\tmp\ccXEYISn.ltrans0.ltrans.o
 .text.register_mods
                0x10001918       0x18 C:\QMK_MSYS\tmp\ccXEYISn.ltrans0.ltrans.o
 .text.unregister_mods
                0x10001930       0x10 C:\QMK_MSYS\tmp\ccXEYISn.ltrans0.ltrans.o
 .text.eeprom_read_byte
                0x10001940        0xc C:\QMK_MSYS\tmp\ccXEYISn.ltrans0.ltrans.o
 .text.eeprom_read_word
                0x1000194c        0xc C:\QMK_MSYS\tmp\ccXEYISn.ltrans0.ltrans.o
 .text.usb_set_report
                0x10001958       0x1c C:\QMK_MSYS\tmp\ccXEYISn.ltrans0.ltrans.o
 .text.usb_get_report
                0x10001974       0x1a C:\QMK_MSYS\tmp\ccXEYISn.ltrans0.ltrans.o
 *fill*         0x1000198e        0x2 
 .text.usb_shared_set_report
                0x10001990       0x24 C:\QMK_MSYS\tmp\ccXEYISn.ltrans0.ltrans.o
 .text.usb_shared_get_report
                0x100019b4       0x20 C:\QMK_MSYS\tmp\ccXEYISn.ltrans0.ltrans.o
 .text.usb_prepare_in_ep_buffer
                0x100019d4       0x74 C:\QMK_MSYS\tmp\ccXEYISn.ltrans0.ltrans.o
 .text.usb_prepare_in_ep
                0x10001a48       0x88 C:\QMK_MSYS\tmp\ccXEYISn.ltrans0.ltrans.o
 .text.usbStartTransmitI
                0x10001ad0       0x28 C:\QMK_MSYS\tmp\ccXEYISn.ltrans0.ltrans.o
 .text.obnotify
                0x10001af8       0x36 C:\QMK_MSYS\tmp\ccXEYISn.ltrans0.ltrans.o
 *fill*         0x10001b2e        0x2 
 .text._usb_ep0in
                0x10001b30       0x9c C:\QMK_MSYS\tmp\ccXEYISn.ltrans0.ltrans.o
 .text._usb_ep0out
                0x10001bcc       0x74 C:\QMK_MSYS\tmp\ccXEYISn.ltrans0.ltrans.o
 .text.wear_leveling_clear_cache
                0x10001c40       0x24 C:\QMK_MSYS\tmp\ccXEYISn.ltrans0.ltrans.o
 .text.wear_leveling_erase.isra.0
                0x10001c64       0x1a C:\QMK_MSYS\tmp\ccXEYISn.ltrans0.ltrans.o
 *fill*         0x10001c7e        0x2 
 .text.clear_keys_from_report
                0x10001c80       0x34 C:\QMK_MSYS\tmp\ccXEYISn.ltrans0.ltrans.o
 .text.usb_reset_report
                0x10001cb4       0x20 C:\QMK_MSYS\tmp\ccXEYISn.ltrans0.ltrans.o
 .text.usb_shared_reset_report
                0x10001cd4       0x2a C:\QMK_MSYS\tmp\ccXEYISn.ltrans0.ltrans.o
 *fill*         0x10001cfe        0x2 
 .text.backing_store_write_bulk
                0x10001d00       0x24 C:\QMK_MSYS\tmp\ccXEYISn.ltrans0.ltrans.o
 .text.wear_leveling_consolidate_force
                0x10001d24       0xcc C:\QMK_MSYS\tmp\ccXEYISn.ltrans0.ltrans.o
 .text.wear_leveling_consolidate_if_needed
                0x10001df0       0x20 C:\QMK_MSYS\tmp\ccXEYISn.ltrans0.ltrans.o
 .text.wear_leveling_append_raw
                0x10001e10       0x28 C:\QMK_MSYS\tmp\ccXEYISn.ltrans0.ltrans.o
 .text.wear_leveling_write.isra.0
                0x10001e38      0x120 C:\QMK_MSYS\tmp\ccXEYISn.ltrans0.ltrans.o
 .text.eeprom_update_dword.constprop.0
                0x10001f58       0x2c C:\QMK_MSYS\tmp\ccXEYISn.ltrans0.ltrans.o
 .text.eeprom_update_byte
                0x10001f84       0x1e C:\QMK_MSYS\tmp\ccXEYISn.ltrans0.ltrans.o
 .text.eeprom_update_word
                0x10001fa2       0x1e C:\QMK_MSYS\tmp\ccXEYISn.ltrans0.ltrans.o
 .text.oneshot_set
                0x10001fc0       0x30 C:\QMK_MSYS\tmp\ccXEYISn.ltrans0.ltrans.o
 .text.vt_set_alarm
                0x10001ff0       0x4c C:\QMK_MSYS\tmp\ccXEYISn.ltrans0.ltrans.o
 .text.vt_insert_first
                0x1000203c       0x7c C:\QMK_MSYS\tmp\ccXEYISn.ltrans0.ltrans.o
 .text.chVTDoTickI
                0x100020b8       0xe8 C:\QMK_MSYS\tmp\ccXEYISn.ltrans0.ltrans.o
 .text.__sch_ready_behind.isra.0
                0x100021a0       0x1c C:\QMK_MSYS\tmp\ccXEYISn.ltrans0.ltrans.o
 .text.__sch_wakeup
                0x100021bc       0x42 C:\QMK_MSYS\tmp\ccXEYISn.ltrans0.ltrans.o
 *fill*         0x100021fe        0x2 
 .text.chSchReadyI.isra.0
                0x10002200       0x2c C:\QMK_MSYS\tmp\ccXEYISn.ltrans0.ltrans.o
 .text.usb_endpoint_in_tx_complete_cb
                0x1000222c       0xd2 C:\QMK_MSYS\tmp\ccXEYISn.ltrans0.ltrans.o
 .text.chThdResumeI
                0x100022fe       0x16 C:\QMK_MSYS\tmp\ccXEYISn.ltrans0.ltrans.o
 .text._usb_ep0setup
                0x10002314      0x3b4 C:\QMK_MSYS\tmp\ccXEYISn.ltrans0.ltrans.o
 .text.chThdDequeueAllI.constprop.0
                0x100026c8       0x1e C:\QMK_MSYS\tmp\ccXEYISn.ltrans0.ltrans.o
 .text.obqResetI
                0x100026e6       0x18 C:\QMK_MSYS\tmp\ccXEYISn.ltrans0.ltrans.o
 *fill*         0x100026fe        0x2 
 .text.usb_event_cb
                0x10002700      0x204 C:\QMK_MSYS\tmp\ccXEYISn.ltrans0.ltrans.o
 .text.chSchGoSleepS
                0x10002904       0x2c C:\QMK_MSYS\tmp\ccXEYISn.ltrans0.ltrans.o
 .text.chSchGoSleepTimeoutS
                0x10002930      0x124 C:\QMK_MSYS\tmp\ccXEYISn.ltrans0.ltrans.o
 .text.chThdSleep
                0x10002a54       0x16 C:\QMK_MSYS\tmp\ccXEYISn.ltrans0.ltrans.o
 .text.suspend_power_down_modules
                0x10002a6a        0x2 C:\QMK_MSYS\tmp\ccXEYISn.ltrans0.ltrans.o
                0x10002a6a                __cpu_init
 .text.__late_init
                0x10002a6c       0x30 C:\QMK_MSYS\tmp\ccXEYISn.ltrans0.ltrans.o
                0x10002a6c                __late_init
 .text.__early_init
                0x10002a9c        0x2 C:\QMK_MSYS\tmp\ccXEYISn.ltrans0.ltrans.o
                0x10002a9c                __early_init
 .text.__default_exit
                0x10002a9e        0x2 C:\QMK_MSYS\tmp\ccXEYISn.ltrans0.ltrans.o
                0x10002a9e                __default_exit
 .text.__init_ram_areas
                0x10002aa0       0x44 C:\QMK_MSYS\tmp\ccXEYISn.ltrans0.ltrans.o
                0x10002aa0                __init_ram_areas
 .text.__sch_reschedule_ahead
                0x10002ae4       0x44 C:\QMK_MSYS\tmp\ccXEYISn.ltrans0.ltrans.o
                0x10002ae4                chSchDoPreemption
 .text.chSchRescheduleS
                0x10002b28       0x28 C:\QMK_MSYS\tmp\ccXEYISn.ltrans0.ltrans.o
 .text.timer_read32
                0x10002b50       0x9c C:\QMK_MSYS\tmp\ccXEYISn.ltrans0.ltrans.o
 .text.matrix_scan.isra.0
                0x10002bec      0x2cc C:\QMK_MSYS\tmp\ccXEYISn.ltrans0.ltrans.o
 .text.mousekey_send
                0x10002eb8       0x50 C:\QMK_MSYS\tmp\ccXEYISn.ltrans0.ltrans.o
 .text.register_code
                0x10002f08       0xcc C:\QMK_MSYS\tmp\ccXEYISn.ltrans0.ltrans.o
 .text.unregister_code
                0x10002fd4       0x6a C:\QMK_MSYS\tmp\ccXEYISn.ltrans0.ltrans.o
 *fill*         0x1000303e        0x2 
 .text.clear_keyboard
                0x10003040       0x54 C:\QMK_MSYS\tmp\ccXEYISn.ltrans0.ltrans.o
 .text.perform_space_cadet.isra.0
                0x10003094       0xa4 C:\QMK_MSYS\tmp\ccXEYISn.ltrans0.ltrans.o
 .text.process_record
                0x10003138      0x7a8 C:\QMK_MSYS\tmp\ccXEYISn.ltrans0.ltrans.o
 .text.waiting_buffer_scan_tap
                0x100038e0       0x88 C:\QMK_MSYS\tmp\ccXEYISn.ltrans0.ltrans.o
 .text.process_tapping
                0x10003968      0x21c C:\QMK_MSYS\tmp\ccXEYISn.ltrans0.ltrans.o
 .text.action_exec
                0x10003b84       0xe8 C:\QMK_MSYS\tmp\ccXEYISn.ltrans0.ltrans.o
 .text.generate_tick_event
                0x10003c6c       0x30 C:\QMK_MSYS\tmp\ccXEYISn.ltrans0.ltrans.o
 .text.send_report.isra.0
                0x10003c9c      0x19c C:\QMK_MSYS\tmp\ccXEYISn.ltrans0.ltrans.o
 .text.startup.main
                0x10003e38      0xd50 C:\QMK_MSYS\tmp\ccXEYISn.ltrans0.ltrans.o
                0x10003e38                main
 .text.send_keyboard
                0x10004b88        0xe C:\QMK_MSYS\tmp\ccXEYISn.ltrans0.ltrans.o
 .text.send_nkro
                0x10004b96        0xe C:\QMK_MSYS\tmp\ccXEYISn.ltrans0.ltrans.o
 .text.send_mouse
                0x10004ba4        0xe C:\QMK_MSYS\tmp\ccXEYISn.ltrans0.ltrans.o
 .text.send_extra
                0x10004bb2        0xe C:\QMK_MSYS\tmp\ccXEYISn.ltrans0.ltrans.o
 .text.chThdExit
                0x10004bc0       0x28 C:\QMK_MSYS\tmp\ccXEYISn.ltrans0.ltrans.o
                0x10004bc0                chThdExit
 .text.NMI_Handler
                0x10004be8       0x12 C:\QMK_MSYS\tmp\ccXEYISn.ltrans0.ltrans.o
                0x10004be8                NMI_Handler
 .text.Vector7C
                0x10004bfa       0x20 C:\QMK_MSYS\tmp\ccXEYISn.ltrans0.ltrans.o
                0x10004bfa                Vector7C
 *fill*         0x10004c1a        0x2 
 .text.Vector80
                0x10004c1c       0x3c C:\QMK_MSYS\tmp\ccXEYISn.ltrans0.ltrans.o
                0x10004c1c                Vector80
 .text.__port_spinlock_release
                0x10004c58       0x10 C:\QMK_MSYS\tmp\ccXEYISn.ltrans0.ltrans.o
                0x10004c58                __port_spinlock_release
 .text.Vector40
                0x10004c68       0x24 C:\QMK_MSYS\tmp\ccXEYISn.ltrans0.ltrans.o
                0x10004c68                Vector40
 .text.Vector44
                0x10004c8c       0x24 C:\QMK_MSYS\tmp\ccXEYISn.ltrans0.ltrans.o
                0x10004c8c                Vector44
 .text.Vector48
                0x10004cb0       0x28 C:\QMK_MSYS\tmp\ccXEYISn.ltrans0.ltrans.o
                0x10004cb0                Vector48
 .text.Vector4C
                0x10004cd8       0x28 C:\QMK_MSYS\tmp\ccXEYISn.ltrans0.ltrans.o
                0x10004cd8                Vector4C
 .text.Vector54
                0x10004d00      0x2b0 C:\QMK_MSYS\tmp\ccXEYISn.ltrans0.ltrans.o
                0x10004d00                Vector54
 .text._fini    0x10004fb0        0x2 C:\QMK_MSYS\tmp\ccXEYISn.ltrans0.ltrans.o
                0x10004fb0                _fini
 .text.memset   0x10004fb2       0x10 C:/QMK_MSYS/opt/qmk/bin/../lib/gcc/arm-none-eabi/15.2.0/../../../../arm-none-eabi/lib/thumb/v6-m/nofp\libc_nano.a(libc_a-memset.o)
                0x10004fb2                memset
 .text.memcpy   0x10004fc2       0x12 C:/QMK_MSYS/opt/qmk/bin/../lib/gcc/arm-none-eabi/15.2.0/../../../../arm-none-eabi/lib/thumb/v6-m/nofp\libc_nano.a(libc_a-memcpy-stub.o)
                0x10004fc2                memcpy
 .text.memcmp   0x10004fd4       0x1c C:/QMK_MSYS/opt/qmk/bin/../lib/gcc/arm-none-eabi/15.2.0/../../../../arm-none-eabi/lib/thumb/v6-m/nofp\libc_nano.a(libc_a-memcmp.o)
                0x10004fd4                memcmp
 .text.memcmp.__stub
                0x10004ff0       0x80 linker stubs
 *(.glue_7t)
 .glue_7t       0x10005070        0x0 linker stubs
 *(.glue_7)
 .glue_7        0x10005070        0x0 linker stubs
 *(.gcc*)
                0x10005070                        __text_end__ = .

.vfp11_veneer   0x10005070        0x0
 .vfp11_veneer  0x10005070        0x0 linker stubs

.v4_bx          0x10005070        0x0
 .v4_bx         0x10005070        0x0 linker stubs

.iplt           0x10005070        0x0
 .iplt          0x10005070        0x0 .build/obj_simhub_default/./lib/chibios/os/common/startup/ARMCMx/compilers/GCC/crt0_v6m.o

.rodata         0x10005070      0x304
                0x10005070                        __rodata_base__ = .
 *(.rodata)
 *(.rodata.*)
 .rodata.Vector80.str1.1
                0x10005070       0x10 C:\QMK_MSYS\tmp\ccXEYISn.ltrans0.ltrans.o
                                  0xd (size before relaxing)
 .rodata.ep0config
                0x10005080       0x1c C:\QMK_MSYS\tmp\ccXEYISn.ltrans0.ltrans.o
 .rodata.active_status
                0x1000509c        0x2 C:\QMK_MSYS\tmp\ccXEYISn.ltrans0.ltrans.o
 .rodata.halted_status
                0x1000509e        0x2 C:\QMK_MSYS\tmp\ccXEYISn.ltrans0.ltrans.o
 .rodata.zero_status
                0x100050a0        0x2 C:\QMK_MSYS\tmp\ccXEYISn.ltrans0.ltrans.o
 *fill*         0x100050a2        0x2 
 .rodata.ram_areas
                0x100050a4       0x80 C:\QMK_MSYS\tmp\ccXEYISn.ltrans0.ltrans.o
 .rodata.usb_endpoint_interface_lut
                0x10005124        0x2 C:\QMK_MSYS\tmp\ccXEYISn.ltrans0.ltrans.o
 .rodata.hex_str.0
                0x10005126       0x11 C:\QMK_MSYS\tmp\ccXEYISn.ltrans0.ltrans.o
 .rodata.ManufacturerString
                0x10005137       0x10 C:\QMK_MSYS\tmp\ccXEYISn.ltrans0.ltrans.o
 .rodata.ProductString
                0x10005147       0x10 C:\QMK_MSYS\tmp\ccXEYISn.ltrans0.ltrans.o
 .rodata.SharedReport
                0x10005157       0xb6 C:\QMK_MSYS\tmp\ccXEYISn.ltrans0.ltrans.o
 .rodata.KeyboardReport
                0x1000520d       0x44 C:\QMK_MSYS\tmp\ccXEYISn.ltrans0.ltrans.o
 .rodata.LanguageString
                0x10005251        0x4 C:\QMK_MSYS\tmp\ccXEYISn.ltrans0.ltrans.o
 .rodata.ConfigurationDescriptor
                0x10005255       0x3b C:\QMK_MSYS\tmp\ccXEYISn.ltrans0.ltrans.o
 .rodata.DeviceDescriptor
                0x10005290       0x12 C:\QMK_MSYS\tmp\ccXEYISn.ltrans0.ltrans.o
 *fill*         0x100052a2        0x2 
 .rodata.alarm_irqs
                0x100052a4       0x20 C:\QMK_MSYS\tmp\ccXEYISn.ltrans0.ltrans.o
 .rodata.str1.1
                0x100052c4        0x3 C:\QMK_MSYS\tmp\ccXEYISn.ltrans0.ltrans.o
 .rodata.ch_core0_cfg
                0x100052c4        0xc C:\QMK_MSYS\tmp\ccXEYISn.ltrans0.ltrans.o
 .rodata.usbcfg
                0x100052d0       0x10 C:\QMK_MSYS\tmp\ccXEYISn.ltrans0.ltrans.o
 .rodata.encoder_LUT
                0x100052e0       0x10 C:\QMK_MSYS\tmp\ccXEYISn.ltrans0.ltrans.o
 .rodata.row_pins
                0x100052f0       0x10 C:\QMK_MSYS\tmp\ccXEYISn.ltrans0.ltrans.o
 .rodata.col_pins
                0x10005300        0xc C:\QMK_MSYS\tmp\ccXEYISn.ltrans0.ltrans.o
 .rodata.keymaps
                0x1000530c       0x30 C:\QMK_MSYS\tmp\ccXEYISn.ltrans0.ltrans.o
 .rodata.CSWTCH.6
                0x1000533c       0x36 C:\QMK_MSYS\tmp\ccXEYISn.ltrans0.ltrans.o
                0x10005374                        . = ALIGN (0x4)
 *fill*         0x10005372        0x2 
                0x10005374                        __rodata_end__ = .

.rel.dyn        0x10005374        0x0
 .rel.iplt      0x10005374        0x0 .build/obj_simhub_default/./lib/chibios/os/common/startup/ARMCMx/compilers/GCC/crt0_v6m.o

.ARM.extab
 *(.ARM.extab* .gnu.linkonce.armextab.*)

.ARM.exidx      0x10005374        0x0
                0x10005374                        __exidx_base__ = .
                0x10005374                        __exidx_start = .
 *(.ARM.exidx* .gnu.linkonce.armexidx.*)
                0x10005374                        __exidx_end__ = .
                0x10005374                        __exidx_end = .

.eh_frame_hdr
 *(.eh_frame_hdr)

.eh_frame
 *(.eh_frame)

.data           0x20000000      0xac8 load address 0x10005374
                [!provide]                        PROVIDE (_textdata = LOADADDR (.data))
                [!provide]                        PROVIDE (_data = .)
                0x10005374                        __textdata_base__ = LOADADDR (.data)
                0x20000000                        __data_base__ = .
 *(vtable)
 *(.time_critical*)
 .time_critical.flash_enable_xip_via_boot2
                0x20000000       0x18 C:\QMK_MSYS\tmp\ccXEYISn.ltrans0.ltrans.o
 .time_critical.flash_cs_force
                0x20000018       0x20 C:\QMK_MSYS\tmp\ccXEYISn.ltrans0.ltrans.o
 .time_critical.flash_was_aborted
                0x20000038       0x10 C:\QMK_MSYS\tmp\ccXEYISn.ltrans0.ltrans.o
 .time_critical.flash_put_cmd_addr
                0x20000048       0x24 C:\QMK_MSYS\tmp\ccXEYISn.ltrans0.ltrans.o
 .time_critical.flash_init_boot2_copyout
                0x2000006c       0x30 C:\QMK_MSYS\tmp\ccXEYISn.ltrans0.ltrans.o
 .time_critical.flash_range_erase
                0x2000009c       0x60 C:\QMK_MSYS\tmp\ccXEYISn.ltrans0.ltrans.o
 .time_critical.flash_do_cmd
                0x200000fc       0x9c C:\QMK_MSYS\tmp\ccXEYISn.ltrans0.ltrans.o
 .time_critical.flash_put_get
                0x20000198       0x6a C:\QMK_MSYS\tmp\ccXEYISn.ltrans0.ltrans.o
 .time_critical._flash_do_cmd
                0x20000202       0x22 C:\QMK_MSYS\tmp\ccXEYISn.ltrans0.ltrans.o
 .time_critical.flash_wait_ready
                0x20000224       0x22 C:\QMK_MSYS\tmp\ccXEYISn.ltrans0.ltrans.o
 .time_critical.flash_enable_write
                0x20000246        0xe C:\QMK_MSYS\tmp\ccXEYISn.ltrans0.ltrans.o
 .time_critical.pico_program_bulk
                0x20000254       0x94 C:\QMK_MSYS\tmp\ccXEYISn.ltrans0.ltrans.o
 .time_critical.__wrap___aeabi_idiv
                0x200002e8       0x40 .build/obj_simhub_default/./lib/pico-sdk/src/rp2_common/pico_divider/divider.o
                0x200002e8                divmod_s32s32
                0x200002e8                div_s32s32
                0x200002e8                __wrap___aeabi_idiv
                0x200002e8                divmod_s32s32_unsafe
                0x200002e8                __wrap___aeabi_idivmod
 .time_critical.__wrap___aeabi_uidiv
                0x20000328       0x3c .build/obj_simhub_default/./lib/pico-sdk/src/rp2_common/pico_divider/divider.o
                0x20000328                __wrap___aeabi_uidiv
                0x20000328                __wrap___aeabi_uidivmod
                0x20000328                div_u32u32
                0x20000328                divmod_u32u32
                0x20000328                divmod_u32u32_unsafe
 .time_critical.__wrap___aeabi_ldiv
                0x20000364      0x3ec .build/obj_simhub_default/./lib/pico-sdk/src/rp2_common/pico_divider/divider.o
                0x20000364                __wrap___aeabi_ldivmod
                0x20000364                div_s64s64
                0x20000364                divmod_s64s64
                0x20000378                divmod_u64u64
                0x20000378                div_u64u64
                0x20000378                __wrap___aeabi_uldivmod
                0x2000038c                divmod_s64s64_unsafe
                0x20000414                divmod_u64u64_unsafe
 .time_critical.__aeabi_lmul
                0x20000750       0x32 .build/obj_simhub_default/./lib/pico-sdk/src/rp2_common/pico_int64_ops/pico_int64_ops_aeabi.o
                0x20000750                __wrap___aeabi_lmul
 *fill*         0x20000782        0x6 
 .time_critical.__aeabi_lmul.__stub
                0x20000788       0x20 linker stubs
                0x200007a8                        . = ALIGN (0x4)
 *fill*         0x200007a8        0x0 
 *(.data)
 *(.data.*)
 .data.__compound_literal.7
                0x200007a8       0x4c C:\QMK_MSYS\tmp\ccXEYISn.ltrans0.ltrans.o
 .data.__compound_literal.3
                0x200007f4       0x4c C:\QMK_MSYS\tmp\ccXEYISn.ltrans0.ltrans.o
 .data.__compound_literal.2
                0x20000840       0x4c C:\QMK_MSYS\tmp\ccXEYISn.ltrans0.ltrans.o
 .data.__compound_literal.1.lto_priv.1
                0x2000088c       0x4c C:\QMK_MSYS\tmp\ccXEYISn.ltrans0.ltrans.o
 .data.__compound_literal.0.lto_priv.1
                0x200008d8       0x4c C:\QMK_MSYS\tmp\ccXEYISn.ltrans0.ltrans.o
 .data.__compound_literal.8
                0x20000924        0x4 C:\QMK_MSYS\tmp\ccXEYISn.ltrans0.ltrans.o
 .data.__compound_literal.4
                0x20000928       0x24 C:\QMK_MSYS\tmp\ccXEYISn.ltrans0.ltrans.o
 .data.__compound_literal.9
                0x2000094c       0x1c C:\QMK_MSYS\tmp\ccXEYISn.ltrans0.ltrans.o
 .data.__compound_literal.5
                0x20000968       0x1c C:\QMK_MSYS\tmp\ccXEYISn.ltrans0.ltrans.o
 .data.func     0x20000984        0x4 C:\QMK_MSYS\tmp\ccXEYISn.ltrans0.ltrans.o
 .data.chibios_driver
                0x20000988       0x14 C:\QMK_MSYS\tmp\ccXEYISn.ltrans0.ltrans.o
 .data.usb_endpoints_in
                0x2000099c      0x128 C:\QMK_MSYS\tmp\ccXEYISn.ltrans0.ltrans.o
 .data.usb_device_state
                0x20000ac4        0x4 C:\QMK_MSYS\tmp\ccXEYISn.ltrans0.ltrans.o
 *(.ramtext)
                0x20000ac8                        . = ALIGN (0x4)
                [!provide]                        PROVIDE (_edata = .)
                0x20000ac8                        __data_end__ = .

.igot.plt       0x20000ac8        0x0 load address 0x10005e3c
 .igot.plt      0x20000ac8        0x0 .build/obj_simhub_default/./lib/chibios/os/common/startup/ARMCMx/compilers/GCC/crt0_v6m.o

.bss            0x20000ac8     0x16c8 load address 0x10005e3c
                0x20000ac8                        __bss_base__ = .
 *(.bss)
 *(.bss.*)
 .bss.ep0_state
                0x20000ac8       0x3c C:\QMK_MSYS\tmp\ccXEYISn.ltrans0.ltrans.o
 .bss.__compound_literal.10
                0x20000b04       0x30 C:\QMK_MSYS\tmp\ccXEYISn.ltrans0.ltrans.o
 .bss.__compound_literal.6
                0x20000b34       0x90 C:\QMK_MSYS\tmp\ccXEYISn.ltrans0.ltrans.o
 .bss.__compound_literal.0.lto_priv.0
                0x20000bc4        0x8 C:\QMK_MSYS\tmp\ccXEYISn.ltrans0.ltrans.o
 .bss.__compound_literal.1.lto_priv.0
                0x20000bcc       0x20 C:\QMK_MSYS\tmp\ccXEYISn.ltrans0.ltrans.o
 .bss.boot2_copyout
                0x20000bec      0x100 C:\QMK_MSYS\tmp\ccXEYISn.ltrans0.ltrans.o
 .bss.boot2_copyout_valid
                0x20000cec        0x1 C:\QMK_MSYS\tmp\ccXEYISn.ltrans0.ltrans.o
 *fill*         0x20000ced        0x3 
 .bss.report.2  0x20000cf0       0x4c C:\QMK_MSYS\tmp\ccXEYISn.ltrans0.ltrans.o
 .bss.idle_rate.0
                0x20000d3c        0x1 C:\QMK_MSYS\tmp\ccXEYISn.ltrans0.ltrans.o
 .bss.keyboard_protocol.1
                0x20000d3d        0x1 C:\QMK_MSYS\tmp\ccXEYISn.ltrans0.ltrans.o
 *fill*         0x20000d3e        0x2 
 .bss.set_report_buf
                0x20000d40        0x2 C:\QMK_MSYS\tmp\ccXEYISn.ltrans0.ltrans.o
 .bss.is_set.1  0x20000d42        0x1 C:\QMK_MSYS\tmp\ccXEYISn.ltrans0.ltrans.o
 .bss.SerialNumberString
                0x20000d43       0x44 C:\QMK_MSYS\tmp\ccXEYISn.ltrans0.ltrans.o
 *fill*         0x20000d87        0x1 
 .bss.descriptor.0
                0x20000d88        0x8 C:\QMK_MSYS\tmp\ccXEYISn.ltrans0.ltrans.o
 .bss.last_consumer_usage
                0x20000d90        0x2 C:\QMK_MSYS\tmp\ccXEYISn.ltrans0.ltrans.o
 .bss.last_system_usage
                0x20000d92        0x2 C:\QMK_MSYS\tmp\ccXEYISn.ltrans0.ltrans.o
 .bss.sc_timer  0x20000d94        0x2 C:\QMK_MSYS\tmp\ccXEYISn.ltrans0.ltrans.o
 *fill*         0x20000d96        0x2 
 .bss.interrupts
                0x20000d98        0x4 C:\QMK_MSYS\tmp\ccXEYISn.ltrans0.ltrans.o
 .bss.bulk_write_buffer.0
                0x20000d9c       0x80 C:\QMK_MSYS\tmp\ccXEYISn.ltrans0.ltrans.o
 .bss.st_callbacks
                0x20000e1c       0x10 C:\QMK_MSYS\tmp\ccXEYISn.ltrans0.ltrans.o
 .bss.ch_memcore
                0x20000e2c        0x8 C:\QMK_MSYS\tmp\ccXEYISn.ltrans0.ltrans.o
 .bss.ch_system
                0x20000e34       0x10 C:\QMK_MSYS\tmp\ccXEYISn.ltrans0.ltrans.o
 .bss.wear_leveling
                0x20000e44     0x1008 C:\QMK_MSYS\tmp\ccXEYISn.ltrans0.ltrans.o
 .bss.BOOT2_ROM_RAM
                0x20001e4c      0x100 C:\QMK_MSYS\tmp\ccXEYISn.ltrans0.ltrans.o
 .bss.ms_offset
                0x20001f4c        0x4 C:\QMK_MSYS\tmp\ccXEYISn.ltrans0.ltrans.o
 .bss.last_ticks
                0x20001f50        0x4 C:\QMK_MSYS\tmp\ccXEYISn.ltrans0.ltrans.o
 .bss.ticks_offset
                0x20001f54        0x4 C:\QMK_MSYS\tmp\ccXEYISn.ltrans0.ltrans.o
 .bss.event_queue
                0x20001f58       0x10 C:\QMK_MSYS\tmp\ccXEYISn.ltrans0.ltrans.o
 .bss.event_queue_tail
                0x20001f68        0x1 C:\QMK_MSYS\tmp\ccXEYISn.ltrans0.ltrans.o
 .bss.event_queue_head
                0x20001f69        0x1 C:\QMK_MSYS\tmp\ccXEYISn.ltrans0.ltrans.o
 .bss.last_suspend_state
                0x20001f6a        0x1 C:\QMK_MSYS\tmp\ccXEYISn.ltrans0.ltrans.o
 *fill*         0x20001f6b        0x1 
 .bss.USBD1     0x20001f6c       0xe4 C:\QMK_MSYS\tmp\ccXEYISn.ltrans0.ltrans.o
 .bss.wakeup_matrix
                0x20002050        0x4 C:\QMK_MSYS\tmp\ccXEYISn.ltrans0.ltrans.o
 .bss.debug_config
                0x20002054        0x1 C:\QMK_MSYS\tmp\ccXEYISn.ltrans0.ltrans.o
 .bss.matrix_previous
                0x20002055        0x4 C:\QMK_MSYS\tmp\ccXEYISn.ltrans0.ltrans.o
 .bss.encoder_pulses
                0x20002059        0x1 C:\QMK_MSYS\tmp\ccXEYISn.ltrans0.ltrans.o
 .bss.encoder_state
                0x2000205a        0x1 C:\QMK_MSYS\tmp\ccXEYISn.ltrans0.ltrans.o
 .bss.thisCount
                0x2000205b        0x1 C:\QMK_MSYS\tmp\ccXEYISn.ltrans0.ltrans.o
 .bss.encoder_events
                0x2000205c        0x8 C:\QMK_MSYS\tmp\ccXEYISn.ltrans0.ltrans.o
 .bss.signal_queue_drain
                0x20002064        0x1 C:\QMK_MSYS\tmp\ccXEYISn.ltrans0.ltrans.o
 *fill*         0x20002065        0x1 
 .bss.last_timer_w
                0x20002066        0x2 C:\QMK_MSYS\tmp\ccXEYISn.ltrans0.ltrans.o
 .bss.last_timer_c
                0x20002068        0x2 C:\QMK_MSYS\tmp\ccXEYISn.ltrans0.ltrans.o
 .bss.last_led_status.0
                0x2000206a        0x1 C:\QMK_MSYS\tmp\ccXEYISn.ltrans0.ltrans.o
 *fill*         0x2000206b        0x1 
 .bss.report.1  0x2000206c       0x4c C:\QMK_MSYS\tmp\ccXEYISn.ltrans0.ltrans.o
 .bss.run_idle_task
                0x200020b8        0x1 C:\QMK_MSYS\tmp\ccXEYISn.ltrans0.ltrans.o
 .bss.last_button_state.0
                0x200020b9        0x1 C:\QMK_MSYS\tmp\ccXEYISn.ltrans0.ltrans.o
 *fill*         0x200020ba        0x2 
 .bss.debouncing_time.0
                0x200020bc        0x4 C:\QMK_MSYS\tmp\ccXEYISn.ltrans0.ltrans.o
 .bss.debouncing.1
                0x200020c0        0x1 C:\QMK_MSYS\tmp\ccXEYISn.ltrans0.ltrans.o
 *fill*         0x200020c1        0x3 
 .bss.configured_freq
                0x200020c4       0x28 C:\QMK_MSYS\tmp\ccXEYISn.ltrans0.ltrans.o
 .bss.matrix    0x200020ec        0x4 C:\QMK_MSYS\tmp\ccXEYISn.ltrans0.ltrans.o
 .bss.raw_matrix
                0x200020f0        0x4 C:\QMK_MSYS\tmp\ccXEYISn.ltrans0.ltrans.o
 .bss.last_tick.0
                0x200020f4        0x2 C:\QMK_MSYS\tmp\ccXEYISn.ltrans0.ltrans.o
 .bss.last_report.0
                0x200020f6       0x20 C:\QMK_MSYS\tmp\ccXEYISn.ltrans0.ltrans.o
 *fill*         0x20002116        0x2 
 .bss.driver    0x20002118        0x4 C:\QMK_MSYS\tmp\ccXEYISn.ltrans0.ltrans.o
 .bss.last_report.1
                0x2000211c        0x8 C:\QMK_MSYS\tmp\ccXEYISn.ltrans0.ltrans.o
 .bss.source_layers_cache
                0x20002124        0x8 C:\QMK_MSYS\tmp\ccXEYISn.ltrans0.ltrans.o
 .bss.mousekey_accel
                0x2000212c        0x1 C:\QMK_MSYS\tmp\ccXEYISn.ltrans0.ltrans.o
 .bss.mousekey_wheel_repeat
                0x2000212d        0x1 C:\QMK_MSYS\tmp\ccXEYISn.ltrans0.ltrans.o
 .bss.mousekey_repeat
                0x2000212e        0x1 C:\QMK_MSYS\tmp\ccXEYISn.ltrans0.ltrans.o
 .bss.mouse_report
                0x2000212f        0x6 C:\QMK_MSYS\tmp\ccXEYISn.ltrans0.ltrans.o
 .bss.sc_last   0x20002135        0x1 C:\QMK_MSYS\tmp\ccXEYISn.ltrans0.ltrans.o
 .bss.grave_esc_was_shifted
                0x20002136        0x1 C:\QMK_MSYS\tmp\ccXEYISn.ltrans0.ltrans.o
 .bss.real_mods
                0x20002137        0x1 C:\QMK_MSYS\tmp\ccXEYISn.ltrans0.ltrans.o
 .bss.oneshot_mods
                0x20002138        0x1 C:\QMK_MSYS\tmp\ccXEYISn.ltrans0.ltrans.o
 .bss.oneshot_locked_mods
                0x20002139        0x1 C:\QMK_MSYS\tmp\ccXEYISn.ltrans0.ltrans.o
 .bss.default_layer_state
                0x2000213a        0x2 C:\QMK_MSYS\tmp\ccXEYISn.ltrans0.ltrans.o
 .bss.layer_state
                0x2000213c        0x2 C:\QMK_MSYS\tmp\ccXEYISn.ltrans0.ltrans.o
 .bss.oneshot_layer_data
                0x2000213e        0x1 C:\QMK_MSYS\tmp\ccXEYISn.ltrans0.ltrans.o
 *fill*         0x2000213f        0x1 
 .bss.keymap_config
                0x20002140        0x2 C:\QMK_MSYS\tmp\ccXEYISn.ltrans0.ltrans.o
 .bss.weak_mods
                0x20002142        0x1 C:\QMK_MSYS\tmp\ccXEYISn.ltrans0.ltrans.o
 .bss.waiting_buffer_head
                0x20002143        0x1 C:\QMK_MSYS\tmp\ccXEYISn.ltrans0.ltrans.o
 .bss.waiting_buffer_tail
                0x20002144        0x1 C:\QMK_MSYS\tmp\ccXEYISn.ltrans0.ltrans.o
 *fill*         0x20002145        0x1 
 .bss.waiting_buffer
                0x20002146       0x40 C:\QMK_MSYS\tmp\ccXEYISn.ltrans0.ltrans.o
 .bss.tapping_key
                0x20002186        0x8 C:\QMK_MSYS\tmp\ccXEYISn.ltrans0.ltrans.o
 *(COMMON)
                0x20002190                        . = ALIGN (0x4)
 *fill*         0x2000218e        0x2 
                0x20002190                        __bss_end__ = .
                [!provide]                        PROVIDE (end = .)
                0x20000000                        __ram0_base__ = ORIGIN (ram0)
                0x00040000                        __ram0_size__ = LENGTH (ram0)
                0x20040000                        __ram0_end__ = (__ram0_base__ + __ram0_size__)
                0x00000000                        __ram1_base__ = ORIGIN (ram1)
                0x00040000                        __ram1_size__ = LENGTH (ram1)
                0x00040000                        __ram1_end__ = (__ram1_base__ + __ram1_size__)
                0x00000000                        __ram2_base__ = ORIGIN (ram2)
                0x00000000                        __ram2_size__ = LENGTH (ram2)
                0x00000000                        __ram2_end__ = (__ram2_base__ + __ram2_size__)
                0x00000000                        __ram3_base__ = ORIGIN (ram3)
                0x00000000                        __ram3_size__ = LENGTH (ram3)
                0x00000000                        __ram3_end__ = (__ram3_base__ + __ram3_size__)
                0x20040000                        __ram4_base__ = ORIGIN (ram4)
                0x00001000                        __ram4_size__ = LENGTH (ram4)
                0x20041000                        __ram4_end__ = (__ram4_base__ + __ram4_size__)
                0x20041000                        __ram5_base__ = ORIGIN (ram5)
                0x00001000                        __ram5_size__ = LENGTH (ram5)
                0x20042000                        __ram5_end__ = (__ram5_base__ + __ram5_size__)
                0x00000000                        __ram6_base__ = ORIGIN (ram6)
                0x00000000                        __ram6_size__ = LENGTH (ram6)
                0x00000000                        __ram6_end__ = (__ram6_base__ + __ram6_size__)
                0x20041f00                        __ram7_base__ = ORIGIN (ram7)
                0x00000100                        __ram7_size__ = LENGTH (ram7)
                0x20042000                        __ram7_end__ = (__ram7_base__ + __ram7_size__)
                0x00000000                        __flash0_base__ = ORIGIN (flash0)
                0x00004000                        __flash0_size__ = LENGTH (flash0)
                0x00004000                        __flash0_end__ = (__flash0_base__ + __flash0_size__)
                0x10000000                        __flash1_base__ = ORIGIN (flash1)
                0x00200000                        __flash1_size__ = LENGTH (flash1)
                0x10200000                        __flash1_end__ = (__flash1_base__ + __flash1_size__)
                0x00000000                        __flash2_base__ = ORIGIN (flash2)
                0x00000000                        __flash2_size__ = LENGTH (flash2)
                0x00000000                        __flash2_end__ = (__flash2_base__ + __flash2_size__)
                0x00000000                        __flash3_base__ = ORIGIN (flash3)
                0x00000000                        __flash3_size__ = LENGTH (flash3)
                0x00000000                        __flash3_end__ = (__flash3_base__ + __flash3_size__)
                0x00000000                        __flash4_base__ = ORIGIN (flash4)
                0x00000000                        __flash4_size__ = LENGTH (flash4)
                0x00000000                        __flash4_end__ = (__flash4_base__ + __flash4_size__)
                0x00000000                        __flash5_base__ = ORIGIN (flash5)
                0x00000000                        __flash5_size__ = LENGTH (flash5)
                0x00000000                        __flash5_end__ = (__flash5_base__ + __flash5_size__)
                0x00000000                        __flash6_base__ = ORIGIN (flash6)
                0x00000000                        __flash6_size__ = LENGTH (flash6)
                0x00000000                        __flash6_end__ = (__flash6_base__ + __flash6_size__)
                0x00000000                        __flash7_base__ = ORIGIN (flash7)
                0x00000000                        __flash7_size__ = LENGTH (flash7)
                0x00000000                        __flash7_end__ = (__flash7_base__ + __flash7_size__)

.ram0_init      0x20002190        0x0 load address 0x10005e3c
                0x10005e3c                        __ram0_init_text__ = LOADADDR (.ram0_init)
                0x20002190                        __ram0_init__ = .
 *(.ram0_init)
 *(.ram0_init.*)
                0x20002190                        . = ALIGN (0x4)

.ram0           0x20002190        0x4 load address 0x10005e3c
                0x20002190                        __ram0_clear__ = .
 *(.ram0_clear)
 *(.ram0_clear.*)
                0x20002190                        . = ALIGN (0x4)
                0x20002190                        __ram0_noinit__ = .
 *(.ram0)
 *(.ram0.*)
 .ram0.bootloader_magic
                0x20002190        0x4 C:\QMK_MSYS\tmp\ccXEYISn.ltrans0.ltrans.o
                0x20002194                        . = ALIGN (0x4)
                0x20002194                        __ram0_free__ = .

.ram1_init      0x00000000        0x0 load address 0x10005e3c
                0x10005e3c                        __ram1_init_text__ = LOADADDR (.ram1_init)
                0x00000000                        __ram1_init__ = .
 *(.ram1_init)
 *(.ram1_init.*)
                0x00000000                        . = ALIGN (0x4)

.ram1           0x00000000        0x0 load address 0x10005e3c
                0x00000000                        __ram1_clear__ = .
 *(.ram1_clear)
 *(.ram1_clear.*)
                0x00000000                        . = ALIGN (0x4)
                0x00000000                        __ram1_noinit__ = .
 *(.ram1)
 *(.ram1.*)
                0x00000000                        . = ALIGN (0x4)
                0x00000000                        __ram1_free__ = .

.ram2_init      0x00000000        0x0 load address 0x10005e3c
                0x10005e3c                        __ram2_init_text__ = LOADADDR (.ram2_init)
                0x00000000                        __ram2_init__ = .
 *(.ram2_init)
 *(.ram2_init.*)
                0x00000000                        . = ALIGN (0x4)

.ram2           0x00000000        0x0 load address 0x10005e3c
                0x00000000                        __ram2_clear__ = .
 *(.ram2_clear)
 *(.ram2_clear.*)
                0x00000000                        . = ALIGN (0x4)
                0x00000000                        __ram2_noinit__ = .
 *(.ram2)
 *(.ram2.*)
                0x00000000                        . = ALIGN (0x4)
                0x00000000                        __ram2_free__ = .

.ram3_init      0x00000000        0x0 load address 0x10005e3c
                0x10005e3c                        __ram3_init_text__ = LOADADDR (.ram3_init)
                0x00000000                        __ram3_init__ = .
 *(.ram3_init)
 *(.ram3_init.*)
                0x00000000                        . = ALIGN (0x4)

.ram3           0x00000000        0x0 load address 0x10005e3c
                0x00000000                        __ram3_clear__ = .
 *(.ram3_clear)
 *(.ram3_clear.*)
                0x00000000                        . = ALIGN (0x4)
                0x00000000                        __ram3_noinit__ = .
 *(.ram3)
 *(.ram3.*)
                0x00000000                        . = ALIGN (0x4)
                0x00000000                        __ram3_free__ = .

.ram4_init      0x20040c00        0x0 load address 0x10005e3c
                0x10005e3c                        __ram4_init_text__ = LOADADDR (.ram4_init)
                0x20040c00                        __ram4_init__ = .
 *(.ram4_init)
 *(.ram4_init.*)
                0x20040c00                        . = ALIGN (0x4)

.ram4           0x20040c00      0x120 load address 0x10005e3c
                0x20040c00                        __ram4_clear__ = .
 *(.ram4_clear)
 *(.ram4_clear.*)
 .ram4_clear.core0
                0x20040c00      0x120 C:\QMK_MSYS\tmp\ccXEYISn.ltrans0.ltrans.o
                0x20040d20                        . = ALIGN (0x4)
                0x20040d20                        __ram4_noinit__ = .
 *(.ram4)
 *(.ram4.*)
                0x20040d20                        . = ALIGN (0x4)
                0x20040d20                        __ram4_free__ = .

.ram5_init      0x20041c00        0x0 load address 0x10005e3c
                0x10005e3c                        __ram5_init_text__ = LOADADDR (.ram5_init)
                0x20041c00                        __ram5_init__ = .
 *(.ram5_init)
 *(.ram5_init.*)
                0x20041c00                        . = ALIGN (0x4)

.ram5           0x20041c00        0x0 load address 0x10005e3c
                0x20041c00                        __ram5_clear__ = .
 *(.ram5_clear)
 *(.ram5_clear.*)
                0x20041c00                        . = ALIGN (0x4)
                0x20041c00                        __ram5_noinit__ = .
 *(.ram5)
 *(.ram5.*)
                0x20041c00                        . = ALIGN (0x4)
                0x20041c00                        __ram5_free__ = .

.ram6_init      0x00000000        0x0 load address 0x10005e3c
                0x10005e3c                        __ram6_init_text__ = LOADADDR (.ram6_init)
                0x00000000                        __ram6_init__ = .
 *(.ram6_init)
 *(.ram6_init.*)
                0x00000000                        . = ALIGN (0x4)

.ram6           0x00000000        0x0 load address 0x10005e3c
                0x00000000                        __ram6_clear__ = .
 *(.ram6_clear)
 *(.ram6_clear.*)
                0x00000000                        . = ALIGN (0x4)
                0x00000000                        __ram6_noinit__ = .
 *(.ram6)
 *(.ram6.*)
                0x00000000                        . = ALIGN (0x4)
                0x00000000                        __ram6_free__ = .

.ram7_init      0x20041f00        0x0 load address 0x10005e3c
                0x10005e3c                        __ram7_init_text__ = LOADADDR (.ram7_init)
                0x20041f00                        __ram7_init__ = .
 *(.ram7_init)
 *(.ram7_init.*)
                0x20041f00                        . = ALIGN (0x4)

.ram7           0x20041f00        0x0 load address 0x10005e3c
                0x20041f00                        __ram7_clear__ = .
 *(.ram7_clear)
 *(.ram7_clear.*)
                0x20041f00                        . = ALIGN (0x4)
                0x20041f00                        __ram7_noinit__ = .
 *(.ram7)
 *(.ram7.*)
                0x20041f00                        . = ALIGN (0x4)
                0x20041f00                        __ram7_free__ = .

.flash0         0x00000000        0x0
                0x00000000                        __flash0_init__ = .
 *(.flash0_init)
 *(.flash0_init.*)
                0x00000000                        __flash0_free__ = .

.flash1         0x10005e3c        0x0
                0x10005e3c                        __flash1_init__ = .
 *(.flash1_init)
 *(.flash1_init.*)
                0x10005e3c                        __flash1_free__ = .

.flash2         0x00000000        0x0
                0x00000000                        __flash2_init__ = .
 *(.flash2_init)
 *(.flash2_init.*)
                0x00000000                        __flash2_free__ = .

.flash3         0x00000000        0x0
                0x00000000                        __flash3_init__ = .
 *(.flash3_init)
 *(.flash3_init.*)
                0x00000000                        __flash3_free__ = .

.flash4         0x00000000        0x0
                0x00000000                        __flash4_init__ = .
 *(.flash4_init)
 *(.flash4_init.*)
                0x00000000                        __flash4_free__ = .

.flash5         0x00000000        0x0
                0x00000000                        __flash5_init__ = .
 *(.flash5_init)
 *(.flash5_init.*)
                0x00000000                        __flash5_free__ = .

.flash6         0x00000000        0x0
                0x00000000                        __flash6_init__ = .
 *(.flash6_init)
 *(.flash6_init.*)
                0x00000000                        __flash6_free__ = .

.flash7         0x00000000        0x0
                0x00000000                        __flash7_init__ = .
 *(.flash7_init)
 *(.flash7_init.*)
                0x00000000                        __flash7_free__ = .

.heap           0x20002194    0x3de6c
                0x20002198                        . = ALIGN (0x8)
 *fill*         0x20002194        0x4 
                0x20002198                        __heap_base__ = .
                0x20040000                        . = (ORIGIN (HEAP_RAM) + LENGTH (HEAP_RAM))
 *fill*         0x20002198    0x3de68 
                0x20040000                        __heap_end__ = .

.flash_end      0x10005e3c        0x0
                0x10005e3c                        __flash_binary_end = .
OUTPUT(.build/simhub_default.elf elf32-littlearm)
LOAD linker stubs

.comment        0x00000000       0x4c
 .comment       0x00000000       0x4d C:\QMK_MSYS\tmp\ccXEYISn.ltrans0.ltrans.o
 .comment       0x00000000       0x4c C:/QMK_MSYS/opt/qmk/bin/../lib/gcc/arm-none-eabi/15.2.0/../../../../arm-none-eabi/lib/thumb/v6-m/nofp\libc_nano.a(libc_a-memset.o)
                                 0x4d (size before relaxing)
 .comment       0x0000004c       0x4d C:/QMK_MSYS/opt/qmk/bin/../lib/gcc/arm-none-eabi/15.2.0/../../../../arm-none-eabi/lib/thumb/v6-m/nofp\libc_nano.a(libc_a-memcpy-stub.o)
 .comment       0x0000004c       0x4d C:/QMK_MSYS/opt/qmk/bin/../lib/gcc/arm-none-eabi/15.2.0/../../../../arm-none-eabi/lib/thumb/v6-m/nofp\libc_nano.a(libc_a-memcmp.o)

.ARM.attributes
                0x00000000       0x2a
 .ARM.attributes
                0x00000000       0x2a C:\QMK_MSYS\tmp\ccXEYISn.ltrans0.ltrans.o
 .ARM.attributes
                0x0000002a       0x21 .build/obj_simhub_default/./lib/chibios/os/common/startup/ARMCMx/compilers/GCC/crt0_v6m.o
 .ARM.attributes
                0x0000004b       0x21 .build/obj_simhub_default/./lib/chibios/os/common/startup/ARMCMx/compilers/GCC/vectors.o
 .ARM.attributes
                0x0000006c       0x21 .build/obj_simhub_default/./lib/chibios/os/common/ports/ARMv6-M-RP2/compilers/GCC/chcoreasm.o
 .ARM.attributes
                0x0000008d       0x22 .build/obj_simhub_default/./lib/pico-sdk/src/rp2_common/pico_divider/divider.o
 .ARM.attributes
                0x000000af       0x22 .build/obj_simhub_default/./lib/pico-sdk/src/rp2_common/pico_int64_ops/pico_int64_ops_aeabi.o
 .ARM.attributes
                0x000000d1       0x1e C:/QMK_MSYS/opt/qmk/bin/../lib/gcc/arm-none-eabi/15.2.0/thumb/v6-m/nofp\libgcc.a(_dvmd_tls.o)
 .ARM.attributes
                0x000000ef       0x1e C:/QMK_MSYS/opt/qmk/bin/../lib/gcc/arm-none-eabi/15.2.0/thumb/v6-m/nofp\libgcc.a(_thumb1_case_sqi.o)
 .ARM.attributes
                0x0000010d       0x1e C:/QMK_MSYS/opt/qmk/bin/../lib/gcc/arm-none-eabi/15.2.0/thumb/v6-m/nofp\libgcc.a(_thumb1_case_uqi.o)
 .ARM.attributes
                0x0000012b       0x1e C:/QMK_MSYS/opt/qmk/bin/../lib/gcc/arm-none-eabi/15.2.0/thumb/v6-m/nofp\libgcc.a(_thumb1_case_uhi.o)
 .ARM.attributes
                0x00000149       0x2c C:/QMK_MSYS/opt/qmk/bin/../lib/gcc/arm-none-eabi/15.2.0/../../../../arm-none-eabi/lib/thumb/v6-m/nofp\libc_nano.a(libc_a-memset.o)
 .ARM.attributes
                0x00000175       0x2c C:/QMK_MSYS/opt/qmk/bin/../lib/gcc/arm-none-eabi/15.2.0/../../../../arm-none-eabi/lib/thumb/v6-m/nofp\libc_nano.a(libc_a-memcpy-stub.o)
 .ARM.attributes
                0x000001a1       0x2c C:/QMK_MSYS/opt/qmk/bin/../lib/gcc/arm-none-eabi/15.2.0/../../../../arm-none-eabi/lib/thumb/v6-m/nofp\libc_nano.a(libc_a-memcmp.o)

Cross Reference Table

Symbol                                            File
BOOT2_ROM                                         C:\QMK_MSYS\tmp\ccXEYISn.ltrans0.ltrans.o
                                                  .build/obj_simhub_default/platforms/chibios/vendors/RP/stage2_bootloaders.o (symbol from plugin)
                                                  .build/obj_simhub_default/wear_leveling_rp2040_flash.o (symbol from plugin)
BusFault_Handler                                  .build/obj_simhub_default/./lib/chibios/os/common/startup/ARMCMx/compilers/GCC/vectors.o
ConfigurationDescriptor                           .build/obj_simhub_default/usb_descriptor.o (symbol from plugin)
DebugMon_Handler                                  .build/obj_simhub_default/./lib/chibios/os/common/startup/ARMCMx/compilers/GCC/vectors.o
DeviceDescriptor                                  .build/obj_simhub_default/usb_descriptor.o (symbol from plugin)
HardFault_Handler                                 .build/obj_simhub_default/./lib/chibios/os/common/startup/ARMCMx/compilers/GCC/vectors.o
KeyboardReport                                    .build/obj_simhub_default/usb_descriptor.o (symbol from plugin)
LanguageString                                    .build/obj_simhub_default/usb_descriptor.o (symbol from plugin)
ManufacturerString                                .build/obj_simhub_default/usb_descriptor.o (symbol from plugin)
MemManage_Handler                                 .build/obj_simhub_default/./lib/chibios/os/common/startup/ARMCMx/compilers/GCC/vectors.o
NMI_Handler                                       C:\QMK_MSYS\tmp\ccXEYISn.ltrans0.ltrans.o
                                                  .build/obj_simhub_default/lib/chibios/os/common/ports/ARMv6-M-RP2/chcore.o (symbol from plugin)
                                                  .build/obj_simhub_default/./lib/chibios/os/common/startup/ARMCMx/compilers/GCC/vectors.o
PendSV_Handler                                    .build/obj_simhub_default/./lib/chibios/os/common/startup/ARMCMx/compilers/GCC/vectors.o
ProductString                                     .build/obj_simhub_default/usb_descriptor.o (symbol from plugin)
Reset_Handler                                     .build/obj_simhub_default/./lib/chibios/os/common/startup/ARMCMx/compilers/GCC/vectors.o
SVC_Handler                                       .build/obj_simhub_default/./lib/chibios/os/common/startup/ARMCMx/compilers/GCC/vectors.o
SecureFault_Handler                               .build/obj_simhub_default/./lib/chibios/os/common/startup/ARMCMx/compilers/GCC/vectors.o
SerialNumberString                                .build/obj_simhub_default/usb_descriptor.o (symbol from plugin)
SharedReport                                      .build/obj_simhub_default/usb_descriptor.o (symbol from plugin)
SysTick_Handler                                   .build/obj_simhub_default/./lib/chibios/os/common/startup/ARMCMx/compilers/GCC/vectors.o
SystemCoreClock                                   .build/obj_simhub_default/lib/chibios/os/hal/ports/RP/RP2040/hal_lld.o (symbol from plugin)
USBD1                                             .build/obj_simhub_default/lib/chibios-contrib/os/hal/ports/RP/LLD/USBDv1/hal_usb_lld.o (symbol from plugin)
                                                  .build/obj_simhub_default/protocol/chibios/usb_util.o (symbol from plugin)
                                                  .build/obj_simhub_default/protocol/chibios/usb_endpoints.o (symbol from plugin)
                                                  .build/obj_simhub_default/protocol/chibios/chibios.o (symbol from plugin)
                                                  .build/obj_simhub_default/protocol/chibios/usb_main.o (symbol from plugin)
UsageFault_Handler                                .build/obj_simhub_default/./lib/chibios/os/common/startup/ARMCMx/compilers/GCC/vectors.o
Vector20                                          .build/obj_simhub_default/./lib/chibios/os/common/startup/ARMCMx/compilers/GCC/vectors.o
Vector24                                          .build/obj_simhub_default/./lib/chibios/os/common/startup/ARMCMx/compilers/GCC/vectors.o
Vector28                                          .build/obj_simhub_default/./lib/chibios/os/common/startup/ARMCMx/compilers/GCC/vectors.o
Vector34                                          .build/obj_simhub_default/./lib/chibios/os/common/startup/ARMCMx/compilers/GCC/vectors.o
Vector40                                          C:\QMK_MSYS\tmp\ccXEYISn.ltrans0.ltrans.o
                                                  .build/obj_simhub_default/lib/chibios/os/hal/ports/RP/LLD/TIMERv1/hal_st_lld.o (symbol from plugin)
                                                  .build/obj_simhub_default/./lib/chibios/os/common/startup/ARMCMx/compilers/GCC/vectors.o
Vector44                                          C:\QMK_MSYS\tmp\ccXEYISn.ltrans0.ltrans.o
                                                  .build/obj_simhub_default/lib/chibios/os/hal/ports/RP/LLD/TIMERv1/hal_st_lld.o (symbol from plugin)
                                                  .build/obj_simhub_default/./lib/chibios/os/common/startup/ARMCMx/compilers/GCC/vectors.o
Vector48                                          C:\QMK_MSYS\tmp\ccXEYISn.ltrans0.ltrans.o
                                                  .build/obj_simhub_default/lib/chibios/os/hal/ports/RP/LLD/TIMERv1/hal_st_lld.o (symbol from plugin)
                                                  .build/obj_simhub_default/./lib/chibios/os/common/startup/ARMCMx/compilers/GCC/vectors.o
Vector4C                                          C:\QMK_MSYS\tmp\ccXEYISn.ltrans0.ltrans.o
                                                  .build/obj_simhub_default/lib/chibios/os/hal/ports/RP/LLD/TIMERv1/hal_st_lld.o (symbol from plugin)
                                                  .build/obj_simhub_default/./lib/chibios/os/common/startup/ARMCMx/compilers/GCC/vectors.o
Vector50                                          .build/obj_simhub_default/./lib/chibios/os/common/startup/ARMCMx/compilers/GCC/vectors.o
Vector54                                          C:\QMK_MSYS\tmp\ccXEYISn.ltrans0.ltrans.o
                                                  .build/obj_simhub_default/lib/chibios-contrib/os/hal/ports/RP/LLD/USBDv1/hal_usb_lld.o (symbol from plugin)
                                                  .build/obj_simhub_default/./lib/chibios/os/common/startup/ARMCMx/compilers/GCC/vectors.o
Vector58                                          .build/obj_simhub_default/./lib/chibios/os/common/startup/ARMCMx/compilers/GCC/vectors.o
Vector5C                                          .build/obj_simhub_default/./lib/chibios/os/common/startup/ARMCMx/compilers/GCC/vectors.o
Vector60                                          .build/obj_simhub_default/./lib/chibios/os/common/startup/ARMCMx/compilers/GCC/vectors.o
Vector64                                          .build/obj_simhub_default/./lib/chibios/os/common/startup/ARMCMx/compilers/GCC/vectors.o
Vector68                                          .build/obj_simhub_default/./lib/chibios/os/common/startup/ARMCMx/compilers/GCC/vectors.o
Vector6C                                          .build/obj_simhub_default/./lib/chibios/os/common/startup/ARMCMx/compilers/GCC/vectors.o
Vector70                                          .build/obj_simhub_default/./lib/chibios/os/common/startup/ARMCMx/compilers/GCC/vectors.o
Vector74                                          .build/obj_simhub_default/./lib/chibios/os/common/startup/ARMCMx/compilers/GCC/vectors.o
Vector78                                          .build/obj_simhub_default/./lib/chibios/os/common/startup/ARMCMx/compilers/GCC/vectors.o
Vector7C                                          C:\QMK_MSYS\tmp\ccXEYISn.ltrans0.ltrans.o
                                                  .build/obj_simhub_default/lib/chibios/os/common/ports/ARMv6-M-RP2/chcore.o (symbol from plugin)
                                                  .build/obj_simhub_default/./lib/chibios/os/common/startup/ARMCMx/compilers/GCC/vectors.o
Vector80                                          C:\QMK_MSYS\tmp\ccXEYISn.ltrans0.ltrans.o
                                                  .build/obj_simhub_default/lib/chibios/os/common/ports/ARMv6-M-RP2/chcore.o (symbol from plugin)
                                                  .build/obj_simhub_default/./lib/chibios/os/common/startup/ARMCMx/compilers/GCC/vectors.o
Vector84                                          .build/obj_simhub_default/./lib/chibios/os/common/startup/ARMCMx/compilers/GCC/vectors.o
Vector88                                          .build/obj_simhub_default/./lib/chibios/os/common/startup/ARMCMx/compilers/GCC/vectors.o
Vector8C                                          .build/obj_simhub_default/./lib/chibios/os/common/startup/ARMCMx/compilers/GCC/vectors.o
Vector90                                          .build/obj_simhub_default/./lib/chibios/os/common/startup/ARMCMx/compilers/GCC/vectors.o
Vector94                                          .build/obj_simhub_default/./lib/chibios/os/common/startup/ARMCMx/compilers/GCC/vectors.o
Vector98                                          .build/obj_simhub_default/./lib/chibios/os/common/startup/ARMCMx/compilers/GCC/vectors.o
Vector9C                                          .build/obj_simhub_default/./lib/chibios/os/common/startup/ARMCMx/compilers/GCC/vectors.o
VectorA0                                          .build/obj_simhub_default/./lib/chibios/os/common/startup/ARMCMx/compilers/GCC/vectors.o
VectorA4                                          .build/obj_simhub_default/./lib/chibios/os/common/startup/ARMCMx/compilers/GCC/vectors.o
VectorA8                                          .build/obj_simhub_default/./lib/chibios/os/common/startup/ARMCMx/compilers/GCC/vectors.o
VectorAC                                          .build/obj_simhub_default/./lib/chibios/os/common/startup/ARMCMx/compilers/GCC/vectors.o
VectorB0                                          .build/obj_simhub_default/./lib/chibios/os/common/startup/ARMCMx/compilers/GCC/vectors.o
VectorB4                                          .build/obj_simhub_default/./lib/chibios/os/common/startup/ARMCMx/compilers/GCC/vectors.o
VectorB8                                          .build/obj_simhub_default/./lib/chibios/os/common/startup/ARMCMx/compilers/GCC/vectors.o
VectorBC                                          .build/obj_simhub_default/./lib/chibios/os/common/startup/ARMCMx/compilers/GCC/vectors.o
__aeabi_idiv0                                     C:/QMK_MSYS/opt/qmk/bin/../lib/gcc/arm-none-eabi/15.2.0/thumb/v6-m/nofp\libgcc.a(_dvmd_tls.o)
                                                  .build/obj_simhub_default/./lib/pico-sdk/src/rp2_common/pico_divider/divider.o
__aeabi_ldiv0                                     C:/QMK_MSYS/opt/qmk/bin/../lib/gcc/arm-none-eabi/15.2.0/thumb/v6-m/nofp\libgcc.a(_dvmd_tls.o)
                                                  .build/obj_simhub_default/./lib/pico-sdk/src/rp2_common/pico_divider/divider.o
__assert                                          C:/QMK_MSYS/opt/qmk/bin/../lib/gcc/arm-none-eabi/15.2.0/../../../../arm-none-eabi/lib/thumb/v6-m/nofp\libc_nano.a(libc_a-assert.o)
__assert_func                                     C:/QMK_MSYS/opt/qmk/bin/../lib/gcc/arm-none-eabi/15.2.0/../../../../arm-none-eabi/lib/thumb/v6-m/nofp\libc_nano.a(libc_a-assert.o)
                                                  C:/QMK_MSYS/opt/qmk/bin/../lib/gcc/arm-none-eabi/15.2.0/../../../../arm-none-eabi/lib/thumb/v6-m/nofp\libc_nano.a(libc_a-rand.o)
__bss_base__                                      .build/obj_simhub_default/./lib/chibios/os/common/startup/ARMCMx/compilers/GCC/crt0_v6m.o
__bss_end__                                       .build/obj_simhub_default/./lib/chibios/os/common/startup/ARMCMx/compilers/GCC/crt0_v6m.o
__chibios_override___early_init                   .build/obj_simhub_default/lib/chibios/os/hal/boards/RP_PICO_RP2040/board.o (symbol from plugin)
                                                  .build/obj_simhub_default/protocol/chibios/chibios.o (symbol from plugin)
__chibios_override_boardInit                      .build/obj_simhub_default/lib/chibios/os/hal/boards/RP_PICO_RP2040/board.o (symbol from plugin)
                                                  .build/obj_simhub_default/protocol/chibios/chibios.o (symbol from plugin)
__core_init                                       .build/obj_simhub_default/lib/chibios/os/oslib/src/chmemcore.o (symbol from plugin)
                                                  .build/obj_simhub_default/lib/chibios/os/rt/src/chsys.o (symbol from plugin)
__cpu_init                                        C:\QMK_MSYS\tmp\ccXEYISn.ltrans0.ltrans.o
                                                  .build/obj_simhub_default/lib/chibios/os/common/startup/ARMCMx/compilers/GCC/crt1.o (symbol from plugin)
                                                  .build/obj_simhub_default/./lib/chibios/os/common/startup/ARMCMx/compilers/GCC/crt0_v6m.o
__cxa_pure_virtual                                C:\QMK_MSYS\tmp\ccXEYISn.ltrans0.ltrans.o
                                                  .build/obj_simhub_default/platforms/chibios/syscall-fallbacks.o (symbol from plugin)
__data_base__                                     .build/obj_simhub_default/./lib/chibios/os/common/startup/ARMCMx/compilers/GCC/crt0_v6m.o
__data_end__                                      .build/obj_simhub_default/./lib/chibios/os/common/startup/ARMCMx/compilers/GCC/crt0_v6m.o
__default_exit                                    C:\QMK_MSYS\tmp\ccXEYISn.ltrans0.ltrans.o
                                                  .build/obj_simhub_default/lib/chibios/os/common/startup/ARMCMx/compilers/GCC/crt1.o (symbol from plugin)
                                                  .build/obj_simhub_default/./lib/chibios/os/common/startup/ARMCMx/compilers/GCC/crt0_v6m.o
__dso_handle                                      C:\QMK_MSYS\tmp\ccXEYISn.ltrans0.ltrans.o
                                                  .build/obj_simhub_default/platforms/chibios/syscall-fallbacks.o (symbol from plugin)
__early_init                                      C:\QMK_MSYS\tmp\ccXEYISn.ltrans0.ltrans.o
                                                  .build/obj_simhub_default/protocol/chibios/chibios.o (symbol from plugin)
                                                  .build/obj_simhub_default/./lib/chibios/os/common/startup/ARMCMx/compilers/GCC/crt0_v6m.o
__errno                                           C:/QMK_MSYS/opt/qmk/bin/../lib/gcc/arm-none-eabi/15.2.0/../../../../arm-none-eabi/lib/thumb/v6-m/nofp\libc_nano.a(libc_a-errno.o)
                                                  .build/obj_simhub_default/platforms/chibios/syscall-fallbacks.o (symbol from plugin)
__fini_array_base__                               .build/obj_simhub_default/./lib/chibios/os/common/startup/ARMCMx/compilers/GCC/crt0_v6m.o
__fini_array_end__                                .build/obj_simhub_default/./lib/chibios/os/common/startup/ARMCMx/compilers/GCC/crt0_v6m.o
__fp_lock_all                                     C:/QMK_MSYS/opt/qmk/bin/../lib/gcc/arm-none-eabi/15.2.0/../../../../arm-none-eabi/lib/thumb/v6-m/nofp\libc_nano.a(libc_a-findfp.o)
__fp_unlock_all                                   C:/QMK_MSYS/opt/qmk/bin/../lib/gcc/arm-none-eabi/15.2.0/../../../../arm-none-eabi/lib/thumb/v6-m/nofp\libc_nano.a(libc_a-findfp.o)
__gnu_thumb1_case_shi                             C:/QMK_MSYS/opt/qmk/bin/../lib/gcc/arm-none-eabi/15.2.0/thumb/v6-m/nofp\libgcc.a(_thumb1_case_shi.o)
                                                  C:/QMK_MSYS/opt/qmk/bin/../lib/gcc/arm-none-eabi/15.2.0/../../../../arm-none-eabi/lib/thumb/v6-m/nofp\libc_nano.a(libc_a-nano-vfprintf_i.o)
__gnu_thumb1_case_sqi                             C:/QMK_MSYS/opt/qmk/bin/../lib/gcc/arm-none-eabi/15.2.0/thumb/v6-m/nofp\libgcc.a(_thumb1_case_sqi.o)
                                                  C:\QMK_MSYS\tmp\ccXEYISn.ltrans0.ltrans.o
__gnu_thumb1_case_uhi                             C:/QMK_MSYS/opt/qmk/bin/../lib/gcc/arm-none-eabi/15.2.0/thumb/v6-m/nofp\libgcc.a(_thumb1_case_uhi.o)
                                                  C:\QMK_MSYS\tmp\ccXEYISn.ltrans0.ltrans.o
__gnu_thumb1_case_uqi                             C:/QMK_MSYS/opt/qmk/bin/../lib/gcc/arm-none-eabi/15.2.0/thumb/v6-m/nofp\libgcc.a(_thumb1_case_uqi.o)
                                                  C:\QMK_MSYS\tmp\ccXEYISn.ltrans0.ltrans.o
__heap_base__                                     C:\QMK_MSYS\tmp\ccXEYISn.ltrans0.ltrans.o
                                                  .build/obj_simhub_default/lib/chibios/os/oslib/src/chmemcore.o (symbol from plugin)
__heap_end__                                      C:\QMK_MSYS\tmp\ccXEYISn.ltrans0.ltrans.o
                                                  .build/obj_simhub_default/lib/chibios/os/oslib/src/chmemcore.o (symbol from plugin)
__init_array_base__                               .build/obj_simhub_default/./lib/chibios/os/common/startup/ARMCMx/compilers/GCC/crt0_v6m.o
__init_array_end__                                .build/obj_simhub_default/./lib/chibios/os/common/startup/ARMCMx/compilers/GCC/crt0_v6m.o
__init_ram_areas                                  C:\QMK_MSYS\tmp\ccXEYISn.ltrans0.ltrans.o
                                                  .build/obj_simhub_default/lib/chibios/os/common/startup/ARMCMx/compilers/GCC/crt1.o (symbol from plugin)
                                                  .build/obj_simhub_default/./lib/chibios/os/common/startup/ARMCMx/compilers/GCC/crt0_v6m.o
__late_init                                       C:\QMK_MSYS\tmp\ccXEYISn.ltrans0.ltrans.o
                                                  .build/obj_simhub_default/platforms/chibios/bootloaders/rp2040.o (symbol from plugin)
                                                  .build/obj_simhub_default/./lib/chibios/os/common/startup/ARMCMx/compilers/GCC/crt0_v6m.o
__main_stack_base__                               .build/obj_simhub_default/./lib/chibios/os/common/startup/ARMCMx/compilers/GCC/crt0_v6m.o
__main_stack_end__                                .build/obj_simhub_default/./lib/chibios/os/common/startup/ARMCMx/compilers/GCC/vectors.o
                                                  .build/obj_simhub_default/./lib/chibios/os/common/startup/ARMCMx/compilers/GCC/crt0_v6m.o
__malloc_free_list                                C:/QMK_MSYS/opt/qmk/bin/../lib/gcc/arm-none-eabi/15.2.0/../../../../arm-none-eabi/lib/thumb/v6-m/nofp\libc_nano.a(libc_a-mallocr.o)
                                                  C:/QMK_MSYS/opt/qmk/bin/../lib/gcc/arm-none-eabi/15.2.0/../../../../arm-none-eabi/lib/thumb/v6-m/nofp\libc_nano.a(libc_a-freer.o)
__malloc_lock                                     C:/QMK_MSYS/opt/qmk/bin/../lib/gcc/arm-none-eabi/15.2.0/../../../../arm-none-eabi/lib/thumb/v6-m/nofp\libc_nano.a(libc_a-mlock.o)
                                                  C:/QMK_MSYS/opt/qmk/bin/../lib/gcc/arm-none-eabi/15.2.0/../../../../arm-none-eabi/lib/thumb/v6-m/nofp\libc_nano.a(libc_a-freer.o)
                                                  C:/QMK_MSYS/opt/qmk/bin/../lib/gcc/arm-none-eabi/15.2.0/../../../../arm-none-eabi/lib/thumb/v6-m/nofp\libc_nano.a(libc_a-mallocr.o)
__malloc_sbrk_start                               C:/QMK_MSYS/opt/qmk/bin/../lib/gcc/arm-none-eabi/15.2.0/../../../../arm-none-eabi/lib/thumb/v6-m/nofp\libc_nano.a(libc_a-mallocr.o)
__malloc_unlock                                   C:/QMK_MSYS/opt/qmk/bin/../lib/gcc/arm-none-eabi/15.2.0/../../../../arm-none-eabi/lib/thumb/v6-m/nofp\libc_nano.a(libc_a-mlock.o)
                                                  C:/QMK_MSYS/opt/qmk/bin/../lib/gcc/arm-none-eabi/15.2.0/../../../../arm-none-eabi/lib/thumb/v6-m/nofp\libc_nano.a(libc_a-freer.o)
                                                  C:/QMK_MSYS/opt/qmk/bin/../lib/gcc/arm-none-eabi/15.2.0/../../../../arm-none-eabi/lib/thumb/v6-m/nofp\libc_nano.a(libc_a-mallocr.o)
__pal_lld_init                                    .build/obj_simhub_default/lib/chibios/os/hal/ports/RP/LLD/GPIOv1/hal_pal_lld.o (symbol from plugin)
                                                  .build/obj_simhub_default/lib/chibios/os/hal/src/hal.o (symbol from plugin)
__port_exit_from_isr                              .build/obj_simhub_default/./lib/chibios/os/common/ports/ARMv6-M-RP2/compilers/GCC/chcoreasm.o
                                                  C:\QMK_MSYS\tmp\ccXEYISn.ltrans0.ltrans.o
                                                  .build/obj_simhub_default/lib/chibios/os/common/ports/ARMv6-M-RP2/chcore.o (symbol from plugin)
__port_irq_epilogue                               .build/obj_simhub_default/lib/chibios/os/common/ports/ARMv6-M-RP2/chcore.o (symbol from plugin)
                                                  .build/obj_simhub_default/lib/chibios-contrib/os/hal/ports/RP/LLD/USBDv1/hal_usb_lld.o (symbol from plugin)
                                                  .build/obj_simhub_default/lib/chibios/os/hal/ports/RP/LLD/TIMERv1/hal_st_lld.o (symbol from plugin)
__port_spinlock_release                           C:\QMK_MSYS\tmp\ccXEYISn.ltrans0.ltrans.o
                                                  .build/obj_simhub_default/lib/chibios/os/common/ports/ARMv6-M-RP2/chcore.o (symbol from plugin)
                                                  .build/obj_simhub_default/./lib/chibios/os/common/ports/ARMv6-M-RP2/compilers/GCC/chcoreasm.o
__port_spinlock_take                              .build/obj_simhub_default/lib/chibios/os/common/ports/ARMv6-M-RP2/chcore.o (symbol from plugin)
__port_switch                                     .build/obj_simhub_default/./lib/chibios/os/common/ports/ARMv6-M-RP2/compilers/GCC/chcoreasm.o
                                                  C:\QMK_MSYS\tmp\ccXEYISn.ltrans0.ltrans.o
                                                  .build/obj_simhub_default/lib/chibios/os/rt/src/chschd.o (symbol from plugin)
__port_switch_from_isr                            .build/obj_simhub_default/./lib/chibios/os/common/ports/ARMv6-M-RP2/compilers/GCC/chcoreasm.o
                                                  C:\QMK_MSYS\tmp\ccXEYISn.ltrans0.ltrans.o
                                                  .build/obj_simhub_default/lib/chibios/os/common/ports/ARMv6-M-RP2/chcore.o (symbol from plugin)
__port_thread_start                               .build/obj_simhub_default/./lib/chibios/os/common/ports/ARMv6-M-RP2/compilers/GCC/chcoreasm.o
                                                  C:\QMK_MSYS\tmp\ccXEYISn.ltrans0.ltrans.o
                                                  .build/obj_simhub_default/lib/chibios/os/rt/src/chthreads.o (symbol from plugin)
__process_stack_base__                            .build/obj_simhub_default/./lib/chibios/os/common/startup/ARMCMx/compilers/GCC/crt0_v6m.o
__process_stack_end__                             .build/obj_simhub_default/./lib/chibios/os/common/startup/ARMCMx/compilers/GCC/crt0_v6m.o
__ram0_clear__                                    C:\QMK_MSYS\tmp\ccXEYISn.ltrans0.ltrans.o
                                                  .build/obj_simhub_default/lib/chibios/os/common/startup/ARMCMx/compilers/GCC/crt1.o (symbol from plugin)
__ram0_init__                                     C:\QMK_MSYS\tmp\ccXEYISn.ltrans0.ltrans.o
                                                  .build/obj_simhub_default/lib/chibios/os/common/startup/ARMCMx/compilers/GCC/crt1.o (symbol from plugin)
__ram0_init_text__                                C:\QMK_MSYS\tmp\ccXEYISn.ltrans0.ltrans.o
                                                  .build/obj_simhub_default/lib/chibios/os/common/startup/ARMCMx/compilers/GCC/crt1.o (symbol from plugin)
__ram0_noinit__                                   C:\QMK_MSYS\tmp\ccXEYISn.ltrans0.ltrans.o